Component: ARM Compiler 5.06 update 7 (build 960) Tool: armlink [4d3601]

==============================================================================

Section Cross References

    main.o(i.PackAll) refers to main.o(i.pack_cmd) for pack_cmd
    main.o(i.PackAll) refers to main.o(.bss) for l1_control
    main.o(i.SPI1_IRQHandler) refers to stm32f4xx_spi.o(i.SPI_I2S_SendData) for SPI_I2S_SendData
    main.o(i.SPI1_IRQHandler) refers to stm32f4xx_spi.o(i.SPI_I2S_GetFlagStatus) for SPI_I2S_GetFlagStatus
    main.o(i.SPI1_IRQHandler) refers to stm32f4xx_spi.o(i.SPI_I2S_ReceiveData) for SPI_I2S_ReceiveData
    main.o(i.SPI1_IRQHandler) refers to main.o(i.zero_commond) for zero_commond
    main.o(i.SPI1_IRQHandler) refers to main.o(i.xor_checksum) for xor_checksum
    main.o(i.SPI1_IRQHandler) refers to main.o(.bss) for tx_buff
    main.o(i.SPI1_IRQHandler) refers to main.o(.data) for spi_data_ready
    main.o(i.WriteAll) refers to can.o(i.CAN_Send_Msg) for CAN_Send_Msg
    main.o(i.WriteAll) refers to delay.o(i.delay_us) for delay_us
    main.o(i.WriteAll) refers to main.o(.bss) for a2_can
    main.o(i.WriteAll) refers to main.o(.data) for out
    main.o(i.control) refers to main.o(i.EnterMotorMode) for EnterMotorMode
    main.o(i.control) refers to main.o(i.WriteAll) for WriteAll
    main.o(i.control) refers to main.o(i.ExitMotorMode) for ExitMotorMode
    main.o(i.control) refers to main.o(i.zero_control) for zero_control
    main.o(i.control) refers to main.o(i.xor_checksum) for xor_checksum
    main.o(i.control) refers to main.o(.bss) for spi_command
    main.o(i.control) refers to main.o(.data) for enabled
    main.o(i.main) refers to delay.o(i.delay_init) for delay_init
    main.o(i.main) refers to usart.o(i.uart_init) for uart_init
    main.o(i.main) refers to led.o(i.led_init) for led_init
    main.o(i.main) refers to can.o(i.CAN1_Mode_Init) for CAN1_Mode_Init
    main.o(i.main) refers to can.o(i.CAN2_Mode_Init) for CAN2_Mode_Init
    main.o(i.main) refers to spi.o(i.spi_init) for spi_init
    main.o(i.main) refers to main.o(i.zero) for zero
    main.o(i.main) refers to main.o(i.pack_cmd) for pack_cmd
    main.o(i.main) refers to main.o(i.WriteAll) for WriteAll
    main.o(i.main) refers to delay.o(i.delay_ms) for delay_ms
    main.o(i.main) refers to can.o(i.CAN1_Receive_Msg) for CAN1_Receive_Msg
    main.o(i.main) refers to main.o(i.unpack_reply) for unpack_reply
    main.o(i.main) refers to can.o(i.CAN2_Receive_Msg) for CAN2_Receive_Msg
    main.o(i.main) refers to main.o(i.control) for control
    main.o(i.main) refers to main.o(i.PackAll) for PackAll
    main.o(i.main) refers to delay.o(i.delay_us) for delay_us
    main.o(i.main) refers to main.o(.bss) for a1_can
    main.o(i.main) refers to main.o(.data) for in1
    main.o(i.pack_cmd) refers to math_ops.o(i.__hardfp_fmaxf) for __hardfp_fmaxf
    main.o(i.pack_cmd) refers to math_ops.o(i.__hardfp_fminf) for __hardfp_fminf
    main.o(i.pack_cmd) refers to math_ops.o(i.float_to_uint) for float_to_uint
    main.o(i.printf_data) refers to _printf_percent.o(.ARM.Collect$$_printf_percent$$00000000) for _printf_percent
    main.o(i.printf_data) refers to _printf_f.o(.ARM.Collect$$_printf_percent$$00000003) for _printf_f
    main.o(i.printf_data) refers to printf1.o(x$fpl$printf1) for _printf_fp_dec
    main.o(i.printf_data) refers to _printf_d.o(.ARM.Collect$$_printf_percent$$00000009) for _printf_d
    main.o(i.printf_data) refers to _printf_dec.o(.text) for _printf_int_dec
    main.o(i.printf_data) refers to f2d.o(x$fpl$f2d) for __aeabi_f2d
    main.o(i.printf_data) refers to noretval__2printf.o(.text) for __2printf
    main.o(i.printf_data) refers to main.o(.bss) for l1_state
    main.o(i.unpack_reply) refers to math_ops.o(i.uint_to_float) for uint_to_float
    main.o(i.zero) refers to main.o(.bss) for tx_buff
    main.o(i.zero_commond) refers to main.o(.bss) for spi_command
    main.o(i.zero_control) refers to main.o(.bss) for l1_control
    system_stm32f4xx.o(i.SystemCoreClockUpdate) refers to system_stm32f4xx.o(.data) for SystemCoreClock
    system_stm32f4xx.o(i.SystemInit) refers to system_stm32f4xx.o(i.SetSysClock) for SetSysClock
    startup_stm32f446xx.o(STACK) refers (Special) to heapauxi.o(.text) for __use_two_region_memory
    startup_stm32f446xx.o(HEAP) refers (Special) to heapauxi.o(.text) for __use_two_region_memory
    startup_stm32f446xx.o(RESET) refers (Special) to heapauxi.o(.text) for __use_two_region_memory
    startup_stm32f446xx.o(RESET) refers to startup_stm32f446xx.o(STACK) for __initial_sp
    startup_stm32f446xx.o(RESET) refers to startup_stm32f446xx.o(.text) for Reset_Handler
    startup_stm32f446xx.o(RESET) refers to stm32f4xx_it.o(i.NMI_Handler) for NMI_Handler
    startup_stm32f446xx.o(RESET) refers to stm32f4xx_it.o(i.HardFault_Handler) for HardFault_Handler
    startup_stm32f446xx.o(RESET) refers to stm32f4xx_it.o(i.MemManage_Handler) for MemManage_Handler
[...]
    Removing stm32f4xx_tim.o(i.TIM_GetPrescaler), (6 bytes).
    Removing stm32f4xx_tim.o(i.TIM_ICInit), (110 bytes).
    Removing stm32f4xx_tim.o(i.TIM_ICStructInit), (18 bytes).
    Removing stm32f4xx_tim.o(i.TIM_ITConfig), (18 bytes).
    Removing stm32f4xx_tim.o(i.TIM_ITRxExternalClockConfig), (24 bytes).
    Removing stm32f4xx_tim.o(i.TIM_InternalClockConfig), (12 bytes).
    Removing stm32f4xx_tim.o(i.TIM_OC1FastConfig), (18 bytes).
    Removing stm32f4xx_tim.o(i.TIM_OC1Init), (124 bytes).
    Removing stm32f4xx_tim.o(i.TIM_OC1NPolarityConfig), (18 bytes).
    Removing stm32f4xx_tim.o(i.TIM_OC1PolarityConfig), (18 bytes).
    Removing stm32f4xx_tim.o(i.TIM_OC1PreloadConfig), (18 bytes).
    Removing stm32f4xx_tim.o(i.TIM_OC2FastConfig), (26 bytes).
    Removing stm32f4xx_tim.o(i.TIM_OC2Init), (164 bytes).
    Removing stm32f4xx_tim.o(i.TIM_OC2NPolarityConfig), (26 bytes).
    Removing stm32f4xx_tim.o(i.TIM_OC2PolarityConfig), (26 bytes).
    Removing stm32f4xx_tim.o(i.TIM_OC2PreloadConfig), (26 bytes).
    Removing stm32f4xx_tim.o(i.TIM_OC3FastConfig), (18 bytes).
    Removing stm32f4xx_tim.o(i.TIM_OC3Init), (160 bytes).
    Removing stm32f4xx_tim.o(i.TIM_OC3NPolarityConfig), (26 bytes).
    Removing stm32f4xx_tim.o(i.TIM_OC3PolarityConfig), (26 bytes).
    Removing stm32f4xx_tim.o(i.TIM_OC3PreloadConfig), (18 bytes).
    Removing stm32f4xx_tim.o(i.TIM_OC4FastConfig), (26 bytes).
    Removing stm32f4xx_tim.o(i.TIM_OC4Init), (120 bytes).
    Removing stm32f4xx_tim.o(i.TIM_OC4PolarityConfig), (26 bytes).
    Removing stm32f4xx_tim.o(i.TIM_OC4PreloadConfig), (26 bytes).
    Removing stm32f4xx_tim.o(i.TIM_OCStructInit), (20 bytes).
    Removing stm32f4xx_tim.o(i.TIM_PWMIConfig), (124 bytes).
    Removing stm32f4xx_tim.o(i.TIM_PrescalerConfig), (6 bytes).
    Removing stm32f4xx_tim.o(i.TIM_RemapConfig), (6 bytes).
    Removing stm32f4xx_tim.o(i.TIM_SelectCCDMA), (24 bytes).
    Removing stm32f4xx_tim.o(i.TIM_SelectCOM), (24 bytes).
    Removing stm32f4xx_tim.o(i.TIM_SelectHallSensor), (24 bytes).
    Removing stm32f4xx_tim.o(i.TIM_SelectInputTrigger), (18 bytes).
    Removing stm32f4xx_tim.o(i.TIM_SelectMasterSlaveMode), (18 bytes).
    Removing stm32f4xx_tim.o(i.TIM_SelectOCxM), (86 bytes).
    Removing stm32f4xx_tim.o(i.TIM_SelectOnePulseMode), (18 bytes).
    Removing stm32f4xx_tim.o(i.TIM_SelectOutputTrigger), (18 bytes).
    Removing stm32f4xx_tim.o(i.TIM_SelectSlaveMode), (18 bytes).
    Removing stm32f4xx_tim.o(i.TIM_SetAutoreload), (4 bytes).
    Removing stm32f4xx_tim.o(i.TIM_SetClockDivision), (18 bytes).
    Removing stm32f4xx_tim.o(i.TIM_SetCompare1), (4 bytes).
    Removing stm32f4xx_tim.o(i.TIM_SetCompare2), (4 bytes).
    Removing stm32f4xx_tim.o(i.TIM_SetCompare3), (4 bytes).
    Removing stm32f4xx_tim.o(i.TIM_SetCompare4), (4 bytes).
    Removing stm32f4xx_tim.o(i.TIM_SetCounter), (4 bytes).
    Removing stm32f4xx_tim.o(i.TIM_SetIC1Prescaler), (18 bytes).
    Removing stm32f4xx_tim.o(i.TIM_SetIC2Prescaler), (26 bytes).
    Removing stm32f4xx_tim.o(i.TIM_SetIC3Prescaler), (18 bytes).
    Removing stm32f4xx_tim.o(i.TIM_SetIC4Prescaler), (26 bytes).
    Removing stm32f4xx_tim.o(i.TIM_TIxExternalClockConfig), (62 bytes).
    Removing stm32f4xx_tim.o(i.TIM_TimeBaseInit), (132 bytes).
    Removing stm32f4xx_tim.o(i.TIM_TimeBaseStructInit), (18 bytes).
    Removing stm32f4xx_tim.o(i.TIM_UpdateDisableConfig), (24 bytes).
    Removing stm32f4xx_tim.o(i.TIM_UpdateRequestConfig), (24 bytes).
    Removing stm32f4xx_usart.o(.rev16_text), (4 bytes).
    Removing stm32f4xx_usart.o(.revsh_text), (4 bytes).
    Removing stm32f4xx_usart.o(.rrx_text), (6 bytes).
    Removing stm32f4xx_usart.o(i.USART_ClearFlag), (18 bytes).
    Removing stm32f4xx_usart.o(i.USART_ClearITPendingBit), (30 bytes).
    Removing stm32f4xx_usart.o(i.USART_ClockInit), (32 bytes).
    Removing stm32f4xx_usart.o(i.USART_ClockStructInit), (12 bytes).
    Removing stm32f4xx_usart.o(i.USART_DMACmd), (18 bytes).
    Removing stm32f4xx_usart.o(i.USART_DeInit), (240 bytes).
    Removing stm32f4xx_usart.o(i.USART_GetFlagStatus), (26 bytes).
    Removing stm32f4xx_usart.o(i.USART_HalfDuplexCmd), (24 bytes).
    Removing stm32f4xx_usart.o(i.USART_IrDACmd), (24 bytes).
    Removing stm32f4xx_usart.o(i.USART_IrDAConfig), (18 bytes).
    Removing stm32f4xx_usart.o(i.USART_LINBreakDetectLengthConfig), (18 bytes).
    Removing stm32f4xx_usart.o(i.USART_LINCmd), (24 bytes).
    Removing stm32f4xx_usart.o(i.USART_OneBitMethodCmd), (24 bytes).
    Removing stm32f4xx_usart.o(i.USART_OverSampling8Cmd), (22 bytes).
    Removing stm32f4xx_usart.o(i.USART_ReceiverWakeUpCmd), (24 bytes).
    Removing stm32f4xx_usart.o(i.USART_SendBreak), (10 bytes).
    Removing stm32f4xx_usart.o(i.USART_SendData), (8 bytes).
    Removing stm32f4xx_usart.o(i.USART_SetAddress), (18 bytes).
    Removing stm32f4xx_usart.o(i.USART_SetGuardTime), (16 bytes).
    Removing stm32f4xx_usart.o(i.USART_SetPrescaler), (16 bytes).
    Removing stm32f4xx_usart.o(i.USART_SmartCardCmd), (24 bytes).
    Removing stm32f4xx_usart.o(i.USART_SmartCardNACKCmd), (24 bytes).
    Removing stm32f4xx_usart.o(i.USART_StructInit), (24 bytes).
    Removing stm32f4xx_usart.o(i.USART_WakeUpConfig), (18 bytes).
    Removing stm32f4xx_wwdg.o(.rev16_text), (4 bytes).
    Removing stm32f4xx_wwdg.o(.revsh_text), (4 bytes).
    Removing stm32f4xx_wwdg.o(.rrx_text), (6 bytes).
    Removing stm32f4xx_wwdg.o(i.WWDG_ClearFlag), (12 bytes).
    Removing stm32f4xx_wwdg.o(i.WWDG_DeInit), (22 bytes).
    Removing stm32f4xx_wwdg.o(i.WWDG_Enable), (16 bytes).
    Removing stm32f4xx_wwdg.o(i.WWDG_EnableIT), (12 bytes).
    Removing stm32f4xx_wwdg.o(i.WWDG_GetFlagStatus), (20 bytes).
    Removing stm32f4xx_wwdg.o(i.WWDG_SetCounter), (16 bytes).
    Removing stm32f4xx_wwdg.o(i.WWDG_SetPrescaler), (24 bytes).
    Removing stm32f4xx_wwdg.o(i.WWDG_SetWindowValue), (40 bytes).
    Removing math_ops.o(i.fmaxf3), (58 bytes).
    Removing math_ops.o(i.fminf3), (58 bytes).
    Removing math_ops.o(i.limit_norm), (128 bytes).
    Removing led.o(.rev16_text), (4 bytes).
    Removing led.o(.revsh_text), (4 bytes).
    Removing led.o(.rrx_text), (6 bytes).
    Removing spi.o(.rev16_text), (4 bytes).
    Removing spi.o(.revsh_text), (4 bytes).
    Removing spi.o(.rrx_text), (6 bytes).
    Removing can.o(.rev16_text), (4 bytes).
    Removing can.o(.revsh_text), (4 bytes).
    Removing can.o(.rrx_text), (6 bytes).
    Removing delay.o(.rev16_text), (4 bytes).
    Removing delay.o(.revsh_text), (4 bytes).
    Removing delay.o(.rrx_text), (6 bytes).
    Removing sys.o(.rev16_text), (4 bytes).
    Removing sys.o(.revsh_text), (4 bytes).
    Removing sys.o(.rrx_text), (6 bytes).
    Removing sys.o(.emb_text), (6 bytes).
    Removing sys.o(i.Ex_NVIC_Config), (180 bytes).
    Removing sys.o(i.GPIO_AF_Set), (64 bytes).
    Removing sys.o(i.GPIO_Set), (222 bytes).
    Removing sys.o(i.INTX_DISABLE), (4 bytes).
    Removing sys.o(i.INTX_ENABLE), (4 bytes).
    Removing sys.o(i.MY_NVIC_Init), (120 bytes).
    Removing sys.o(i.MY_NVIC_PriorityGroupConfig), (40 bytes).
    Removing sys.o(i.MY_NVIC_SetVectorTable), (16 bytes).
    Removing sys.o(i.Stm32_Clock_Init), (104 bytes).
    Removing sys.o(i.Sys_Clock_Set), (268 bytes).
    Removing sys.o(i.Sys_Soft_Reset), (16 bytes).
    Removing sys.o(i.Sys_Standby), (76 bytes).
    Removing sys.o(i.WFI_SET), (4 bytes).
    Removing usart.o(.rev16_text), (4 bytes).
    Removing usart.o(.revsh_text), (4 bytes).
    Removing usart.o(.rrx_text), (6 bytes).
    Removing usart.o(i.fputc), (28 bytes).

959 unused section(s) (total 39318 bytes) removed from the image.

==============================================================================

Image Symbol Table

    Local Symbols

    Symbol Name                              Value     Ov Type        Size  Object(Section)

    ../clib/angel/boardlib.s                 0x00000000   Number         0  boardinit1.o ABSOLUTE
    ../clib/angel/boardlib.s                 0x00000000   Number         0  boardshut.o ABSOLUTE
    ../clib/angel/boardlib.s                 0x00000000   Number         0  boardinit2.o ABSOLUTE
    ../clib/angel/boardlib.s                 0x00000000   Number         0  boardinit3.o ABSOLUTE
    ../clib/angel/handlers.s                 0x00000000   Number         0  __scatter_zi.o ABSOLUTE
    ../clib/angel/handlers.s                 0x00000000   Number         0  __scatter_copy.o ABSOLUTE
    ../clib/angel/kernel.s                   0x00000000   Number         0  __rtentry.o ABSOLUTE
    ../clib/angel/kernel.s                   0x00000000   Number         0  rtexit.o ABSOLUTE
    ../clib/angel/kernel.s                   0x00000000   Number         0  rtexit2.o ABSOLUTE
    ../clib/angel/kernel.s                   0x00000000   Number         0  __rtentry4.o ABSOLUTE
    ../clib/angel/kernel.s                   0x00000000   Number         0  __rtentry2.o ABSOLUTE
    ../clib/angel/rt.s                       0x00000000   Number         0  rt_errno_addr_intlibspace.o ABSOLUTE
    ../clib/angel/rt.s                       0x00000000   Number         0  rt_errno_addr.o ABSOLUTE
    ../clib/angel/rt.s                       0x00000000   Number         0  rt_raise.o ABSOLUTE
    ../clib/angel/rt.s                       0x00000000   Number         0  rt_locale_intlibspace.o ABSOLUTE
    ../clib/angel/rt.s                       0x00000000   Number         0  rt_locale.o ABSOLUTE
    ../clib/angel/scatter.s                  0x00000000   Number         0  __scatter.o ABSOLUTE
    ../clib/angel/startup.s                  0x00000000   Number         0  __main.o ABSOLUTE
    ../clib/angel/sys.s                      0x00000000   Number         0  sys_stackheap_outer.o ABSOLUTE
    ../clib/angel/sys.s                      0x00000000   Number         0  use_no_semi_2.o ABSOLUTE
    ../clib/angel/sys.s                      0x00000000   Number         0  indicate_semi.o ABSOLUTE
    ../clib/angel/sys.s                      0x00000000   Number         0  use_no_semi.o ABSOLUTE
    ../clib/angel/sys.s                      0x00000000   Number         0  libspace.o ABSOLUTE
    ../clib/angel/sysapp.c                   0x00000000   Number         0  sys_command.o ABSOLUTE
    ../clib/angel/sysapp.c                   0x00000000   Number         0  sys_wrch.o ABSOLUTE
    ../clib/armsys.c                         0x00000000   Number         0  argv_veneer.o ABSOLUTE
    ../clib/armsys.c                         0x00000000   Number         0  no_argv.o ABSOLUTE
    ../clib/armsys.c                         0x00000000   Number         0  argv_veneer.o ABSOLUTE
    ../clib/armsys.c                         0x00000000   Number         0  _get_argv_nomalloc.o ABSOLUTE
    ../clib/bigflt.c                         0x00000000   Number         0  bigflt0.o ABSOLUTE
    ../clib/btod.s                           0x00000000   Number         0  btod.o ABSOLUTE
    ../clib/fenv.c                           0x00000000   Number         0  _rserrno.o ABSOLUTE
    ../clib/heapalloc.c                      0x00000000   Number         0  hrguard.o ABSOLUTE
    ../clib/heapaux.c                        0x00000000   Number         0  heapauxi.o ABSOLUTE
    ../clib/libinit.s                        0x00000000   Number         0  libinit2.o ABSOLUTE
    ../clib/libinit.s                        0x00000000   Number         0  libshutdown.o ABSOLUTE
    ../clib/libinit.s                        0x00000000   Number         0  libinit.o ABSOLUTE
    ../clib/libinit.s                        0x00000000   Number         0  libshutdown2.o ABSOLUTE
    ../clib/locale.s                         0x00000000   Number         0  lc_numeric_c.o ABSOLUTE
    ../clib/longlong.s                       0x00000000   Number         0  lludiv10.o ABSOLUTE
    ../clib/memcpset.s                       0x00000000   Number         0  strcmpv7m.o ABSOLUTE
    ../clib/printf.c                         0x00000000   Number         0  noretval__2printf.o ABSOLUTE
    ../clib/printf.c                         0x00000000   Number         0  __2printf.o ABSOLUTE
    ../clib/printf.c                         0x00000000   Number         0  _printf_intcommon.o ABSOLUTE
    ../clib/printf.c                         0x00000000   Number         0  _printf_fp_dec.o ABSOLUTE
    ../clib/printf.c                         0x00000000   Number         0  __printf_flags.o ABSOLUTE
    ../clib/printf.c                         0x00000000   Number         0  _printf_fp_infnan.o ABSOLUTE
    ../clib/printf.c                         0x00000000   Number         0  _printf_char_file.o ABSOLUTE
    ../clib/printf.c                         0x00000000   Number         0  _printf_char_common.o ABSOLUTE
    ../clib/printf.c                         0x00000000   Number         0  _printf_dec.o ABSOLUTE
    ../clib/printf.c                         0x00000000   Number         0  __printf_ss.o ABSOLUTE
    ../clib/printf.c                         0x00000000   Number         0  __printf.o ABSOLUTE
    ../clib/printf.c                         0x00000000   Number         0  __printf_nopercent.o ABSOLUTE
    ../clib/printf.c                         0x00000000   Number         0  __printf_flags_ss_wp.o ABSOLUTE
    ../clib/printf.c                         0x00000000   Number         0  __printf_ss_wp.o ABSOLUTE
    ../clib/printf.c                         0x00000000   Number         0  __printf_flags_wp.o ABSOLUTE
    ../clib/printf.c                         0x00000000   Number         0  __printf_wp.o ABSOLUTE
    ../clib/printf.c                         0x00000000   Number         0  __printf_flags_ss.o ABSOLUTE
    ../clib/printf_percent.s                 0x00000000   Number         0  _printf_f.o ABSOLUTE
    ../clib/printf_percent.s                 0x00000000   Number         0  _printf_percent.o ABSOLUTE
    ../clib/printf_percent.s                 0x00000000   Number         0  _printf_d.o ABSOLUTE
    ../clib/printf_percent.s                 0x00000000   Number         0  _printf_percent_end.o ABSOLUTE
    ../clib/signal.c                         0x00000000   Number         0  defsig_exit.o ABSOLUTE
    ../clib/signal.c                         0x00000000   Number         0  defsig_rtmem_inner.o ABSOLUTE
    ../clib/signal.c                         0x00000000   Number         0  defsig_segv_inner.o ABSOLUTE
    ../clib/signal.c                         0x00000000   Number         0  defsig_cppl_inner.o ABSOLUTE
    ../clib/signal.c                         0x00000000   Number         0  defsig_pvfn_inner.o ABSOLUTE
    ../clib/signal.c                         0x00000000   Number         0  defsig_stak_inner.o ABSOLUTE
    ../clib/signal.c                         0x00000000   Number         0  __raise.o ABSOLUTE
    ../clib/signal.c                         0x00000000   Number         0  defsig_rtred_inner.o ABSOLUTE
    ../clib/signal.c                         0x00000000   Number         0  defsig_fpe_inner.o ABSOLUTE
    ../clib/signal.c                         0x00000000   Number         0  defsig_abrt_inner.o ABSOLUTE
    ../clib/signal.c                         0x00000000   Number         0  defsig_general.o ABSOLUTE
    ../clib/signal.c                         0x00000000   Number         0  defsig_other.o ABSOLUTE
    ../clib/signal.c                         0x00000000   Number         0  defsig_rtmem_outer.o ABSOLUTE
    ../clib/signal.c                         0x00000000   Number         0  defsig_rtmem_formal.o ABSOLUTE
    ../clib/signal.s                         0x00000000   Number         0  defsig.o ABSOLUTE
    ../clib/stdio.c                          0x00000000   Number         0  ferror.o ABSOLUTE
    ../clib/stdio.c                          0x00000000   Number         0  ferror_locked.o ABSOLUTE
    ../clib/stdlib.c                         0x00000000   Number         0  exit.o ABSOLUTE
    ../fplib/d2f.s                           0x00000000   Number         0  d2f.o ABSOLUTE
    ../fplib/dcmpi.s                         0x00000000   Number         0  dcmpi.o ABSOLUTE
    ../fplib/dleqf.s                         0x00000000   Number         0  dleqf.o ABSOLUTE
    ../fplib/dnaninf.s                       0x00000000   Number         0  dnaninf.o ABSOLUTE
    ../fplib/dretinf.s                       0x00000000   Number         0  dretinf.o ABSOLUTE
    ../fplib/dsqrt.s                         0x00000000   Number         0  dsqrt_umaal.o ABSOLUTE
    ../fplib/f2d.s                           0x00000000   Number         0  f2d.o ABSOLUTE
    ../fplib/fnaninf.s                       0x00000000   Number         0  fnaninf.o ABSOLUTE
    ../fplib/fpinit.s                        0x00000000   Number         0  fpinit.o ABSOLUTE
    ../fplib/fretinf.s                       0x00000000   Number         0  fretinf.o ABSOLUTE
    ../fplib/istatus.s                       0x00000000   Number         0  istatus.o ABSOLUTE
    ../fplib/printf1.s                       0x00000000   Number         0  printf1.o ABSOLUTE
    ../fplib/usenofp.s                       0x00000000   Number         0  usenofp.o ABSOLUTE
    ../mathlib/fpclassify.c                  0x00000000   Number         0  fpclassify.o ABSOLUTE
    ../mathlib/sqrt.c                        0x00000000   Number         0  sqrt_x.o ABSOLUTE
    ../mathlib/sqrt.c                        0x00000000   Number         0  sqrt.o ABSOLUTE
    ..\CORE\startup_stm32f446xx.s            0x00000000   Number         0  startup_stm32f446xx.o ABSOLUTE
    ..\HALLIB\src\misc.c                     0x00000000   Number         0  misc.o ABSOLUTE
    ..\HALLIB\src\stm32f4xx_adc.c            0x00000000   Number         0  stm32f4xx_adc.o ABSOLUTE
    ..\HALLIB\src\stm32f4xx_can.c            0x00000000   Number         0  stm32f4xx_can.o ABSOLUTE
    ..\HALLIB\src\stm32f4xx_cec.c            0x00000000   Number         0  stm32f4xx_cec.o ABSOLUTE
    ..\HALLIB\src\stm32f4xx_crc.c            0x00000000   Number         0  stm32f4xx_crc.o ABSOLUTE
    ..\HALLIB\src\stm32f4xx_cryp.c           0x00000000   Number         0  stm32f4xx_cryp.o ABSOLUTE
    ..\HALLIB\src\stm32f4xx_cryp_aes.c       0x00000000   Number         0  stm32f4xx_cryp_aes.o ABSOLUTE
    ..\HALLIB\src\stm32f4xx_cryp_des.c       0x00000000   Number         0  stm32f4xx_cryp_des.o ABSOLUTE
    ..\HALLIB\src\stm32f4xx_cryp_tdes.c      0x00000000   Number         0  stm32f4xx_cryp_tdes.o ABSOLUTE
    ..\HALLIB\src\stm32f4xx_dac.c            0x00000000   Number         0  stm32f4xx_dac.o ABSOLUTE
    ..\HALLIB\src\stm32f4xx_dbgmcu.c         0x00000000   Number         0  stm32f4xx_dbgmcu.o ABSOLUTE
    ..\HALLIB\src\stm32f4xx_dcmi.c           0x00000000   Number         0  stm32f4xx_dcmi.o ABSOLUTE
    ..\HALLIB\src\stm32f4xx_dfsdm.c          0x00000000   Number         0  stm32f4xx_dfsdm.o ABSOLUTE
    ..\HALLIB\src\stm32f4xx_dma.c            0x00000000   Number         0  stm32f4xx_dma.o ABSOLUTE
    ..\HALLIB\src\stm32f4xx_dma2d.c          0x00000000   Number         0  stm32f4xx_dma2d.o ABSOLUTE
    ..\HALLIB\src\stm32f4xx_dsi.c            0x00000000   Number         0  stm32f4xx_dsi.o ABSOLUTE
    ..\HALLIB\src\stm32f4xx_exti.c           0x00000000   Number         0  stm32f4xx_exti.o ABSOLUTE
    ..\HALLIB\src\stm32f4xx_flash.c          0x00000000   Number         0  stm32f4xx_flash.o ABSOLUTE
    ..\HALLIB\src\stm32f4xx_flash_ramfunc.c  0x00000000   Number         0  stm32f4xx_flash_ramfunc.o ABSOLUTE
    ..\HALLIB\src\stm32f4xx_fmc.c            0x00000000   Number         0  stm32f4xx_fmc.o ABSOLUTE
    ..\HALLIB\src\stm32f4xx_fmpi2c.c         0x00000000   Number         0  stm32f4xx_fmpi2c.o ABSOLUTE
    ..\HALLIB\src\stm32f4xx_gpio.c           0x00000000   Number         0  stm32f4xx_gpio.o ABSOLUTE
    ..\HALLIB\src\stm32f4xx_hash.c           0x00000000   Number         0  stm32f4xx_hash.o ABSOLUTE
    ..\HALLIB\src\stm32f4xx_hash_md5.c       0x00000000   Number         0  stm32f4xx_hash_md5.o ABSOLUTE
    ..\HALLIB\src\stm32f4xx_hash_sha1.c      0x00000000   Number         0  stm32f4xx_hash_sha1.o ABSOLUTE
    ..\HALLIB\src\stm32f4xx_i2c.c            0x00000000   Number         0  stm32f4xx_i2c.o ABSOLUTE
    ..\HALLIB\src\stm32f4xx_iwdg.c           0x00000000   Number         0  stm32f4xx_iwdg.o ABSOLUTE
    ..\HALLIB\src\stm32f4xx_lptim.c          0x00000000   Number         0  stm32f4xx_lptim.o ABSOLUTE
    ..\HALLIB\src\stm32f4xx_ltdc.c           0x00000000   Number         0  stm32f4xx_ltdc.o ABSOLUTE
    ..\HALLIB\src\stm32f4xx_pwr.c            0x00000000   Number         0  stm32f4xx_pwr.o ABSOLUTE
    ..\HALLIB\src\stm32f4xx_qspi.c           0x00000000   Number         0  stm32f4xx_qspi.o ABSOLUTE
    ..\HALLIB\src\stm32f4xx_rcc.c            0x00000000   Number         0  stm32f4xx_rcc.o ABSOLUTE
    ..\HALLIB\src\stm32f4xx_rng.c            0x00000000   Number         0  stm32f4xx_rng.o ABSOLUTE
    ..\HALLIB\src\stm32f4xx_rtc.c            0x00000000   Number         0  stm32f4xx_rtc.o ABSOLUTE
    ..\HALLIB\src\stm32f4xx_sai.c            0x00000000   Number         0  stm32f4xx_sai.o ABSOLUTE
    ..\HALLIB\src\stm32f4xx_sdio.c           0x00000000   Number         0  stm32f4xx_sdio.o ABSOLUTE
    ..\HALLIB\src\stm32f4xx_spdifrx.c        0x00000000   Number         0  stm32f4xx_spdifrx.o ABSOLUTE
    ..\HALLIB\src\stm32f4xx_spi.c            0x00000000   Number         0  stm32f4xx_spi.o ABSOLUTE
    ..\HALLIB\src\stm32f4xx_syscfg.c         0x00000000   Number         0  stm32f4xx_syscfg.o ABSOLUTE
    ..\HALLIB\src\stm32f4xx_tim.c            0x00000000   Number         0  stm32f4xx_tim.o ABSOLUTE
    ..\HALLIB\src\stm32f4xx_usart.c          0x00000000   Number         0  stm32f4xx_usart.o ABSOLUTE
    ..\HALLIB\src\stm32f4xx_wwdg.c           0x00000000   Number         0  stm32f4xx_wwdg.o ABSOLUTE
    ..\HARDWARE\CAN\can.c                    0x00000000   Number         0  can.o ABSOLUTE
    ..\HARDWARE\LED\led.c                    0x00000000   Number         0  led.o ABSOLUTE
    ..\HARDWARE\SPI\spi.c                    0x00000000   Number         0  spi.o ABSOLUTE
    ..\HARDWARE\math_ops\math_ops.c          0x00000000   Number         0  math_ops.o ABSOLUTE
    ..\SYSTEM\delay\delay.c                  0x00000000   Number         0  delay.o ABSOLUTE
    ..\SYSTEM\sys\sys.c                      0x00000000   Number         0  sys.o ABSOLUTE
    ..\SYSTEM\usart\usart.c                  0x00000000   Number         0  usart.o ABSOLUTE
    ..\\HALLIB\\src\\misc.c                  0x00000000   Number         0  misc.o ABSOLUTE
    ..\\HALLIB\\src\\stm32f4xx_adc.c         0x00000000   Number         0  stm32f4xx_adc.o ABSOLUTE
    ..\\HALLIB\\src\\stm32f4xx_can.c         0x00000000   Number         0  stm32f4xx_can.o ABSOLUTE
    ..\\HALLIB\\src\\stm32f4xx_cec.c         0x00000000   Number         0  stm32f4xx_cec.o ABSOLUTE
    ..\\HALLIB\\src\\stm32f4xx_crc.c         0x00000000   Number         0  stm32f4xx_crc.o ABSOLUTE
    ..\\HALLIB\\src\\stm32f4xx_cryp.c        0x00000000   Number         0  stm32f4xx_cryp.o ABSOLUTE
    ..\\HALLIB\\src\\stm32f4xx_cryp_aes.c    0x00000000   Number         0  stm32f4xx_cryp_aes.o ABSOLUTE
    ..\\HALLIB\\src\\stm32f4xx_cryp_des.c    0x00000000   Number         0  stm32f4xx_cryp_des.o ABSOLUTE
    ..\\HALLIB\\src\\stm32f4xx_cryp_tdes.c   0x00000000   Number         0  stm32f4xx_cryp_tdes.o ABSOLUTE
    ..\\HALLIB\\src\\stm32f4xx_dac.c         0x00000000   Number         0  stm32f4xx_dac.o ABSOLUTE
    ..\\HALLIB\\src\\stm32f4xx_dbgmcu.c      0x00000000   Number         0  stm32f4xx_dbgmcu.o ABSOLUTE
    ..\\HALLIB\\src\\stm32f4xx_dcmi.c        0x00000000   Number         0  stm32f4xx_dcmi.o ABSOLUTE
    ..\\HALLIB\\src\\stm32f4xx_dfsdm.c       0x00000000   Number         0  stm32f4xx_dfsdm.o ABSOLUTE
    ..\\HALLIB\\src\\stm32f4xx_dma.c         0x00000000   Number         0  stm32f4xx_dma.o ABSOLUTE
    ..\\HALLIB\\src\\stm32f4xx_dma2d.c       0x00000000   Number         0  stm32f4xx_dma2d.o ABSOLUTE
    ..\\HALLIB\\src\\stm32f4xx_dsi.c         0x00000000   Number         0  stm32f4xx_dsi.o ABSOLUTE
    ..\\HALLIB\\src\\stm32f4xx_exti.c        0x00000000   Number         0  stm32f4xx_exti.o ABSOLUTE
    ..\\HALLIB\\src\\stm32f4xx_flash.c       0x00000000   Number         0  stm32f4xx_flash.o ABSOLUTE
    ..\\HALLIB\\src\\stm32f4xx_flash_ramfunc.c 0x00000000   Number         0  stm32f4xx_flash_ramfunc.o ABSOLUTE
    ..\\HALLIB\\src\\stm32f4xx_fmc.c         0x00000000   Number         0  stm32f4xx_fmc.o ABSOLUTE
    ..\\HALLIB\\src\\stm32f4xx_fmpi2c.c      0x00000000   Number         0  stm32f4xx_fmpi2c.o ABSOLUTE
    ..\\HALLIB\\src\\stm32f4xx_gpio.c        0x00000000   Number         0  stm32f4xx_gpio.o ABSOLUTE
    ..\\HALLIB\\src\\stm32f4xx_hash.c        0x00000000   Number         0  stm32f4xx_hash.o ABSOLUTE
    ..\\HALLIB\\src\\stm32f4xx_hash_md5.c    0x00000000   Number         0  stm32f4xx_hash_md5.o ABSOLUTE
    ..\\HALLIB\\src\\stm32f4xx_hash_sha1.c   0x00000000   Number         0  stm32f4xx_hash_sha1.o ABSOLUTE
    ..\\HALLIB\\src\\stm32f4xx_i2c.c         0x00000000   Number         0  stm32f4xx_i2c.o ABSOLUTE
    ..\\HALLIB\\src\\stm32f4xx_iwdg.c        0x00000000   Number         0  stm32f4xx_iwdg.o ABSOLUTE
    ..\\HALLIB\\src\\stm32f4xx_lptim.c       0x00000000   Number         0  stm32f4xx_lptim.o ABSOLUTE
    ..\\HALLIB\\src\\stm32f4xx_ltdc.c        0x00000000   Number         0  stm32f4xx_ltdc.o ABSOLUTE
    ..\\HALLIB\\src\\stm32f4xx_pwr.c         0x00000000   Number         0  stm32f4xx_pwr.o ABSOLUTE
    ..\\HALLIB\\src\\stm32f4xx_qspi.c        0x00000000   Number         0  stm32f4xx_qspi.o ABSOLUTE
    ..\\HALLIB\\src\\stm32f4xx_rcc.c         0x00000000   Number         0  stm32f4xx_rcc.o ABSOLUTE
    ..\\HALLIB\\src\\stm32f4xx_rng.c         0x00000000   Number         0  stm32f4xx_rng.o ABSOLUTE
    ..\\HALLIB\\src\\stm32f4xx_rtc.c         0x00000000   Number         0  stm32f4xx_rtc.o ABSOLUTE
    ..\\HALLIB\\src\\stm32f4xx_sai.c         0x00000000   Number         0  stm32f4xx_sai.o ABSOLUTE
    ..\\HALLIB\\src\\stm32f4xx_sdio.c        0x00000000   Number         0  stm32f4xx_sdio.o ABSOLUTE
    ..\\HALLIB\\src\\stm32f4xx_spdifrx.c     0x00000000   Number         0  stm32f4xx_spdifrx.o ABSOLUTE
    ..\\HALLIB\\src\\stm32f4xx_spi.c         0x00000000   Number         0  stm32f4xx_spi.o ABSOLUTE
    ..\\HALLIB\\src\\stm32f4xx_syscfg.c      0x00000000   Number         0  stm32f4xx_syscfg.o ABSOLUTE
    ..\\HALLIB\\src\\stm32f4xx_tim.c         0x00000000   Number         0  stm32f4xx_tim.o ABSOLUTE
    ..\\HALLIB\\src\\stm32f4xx_usart.c       0x00000000   Number         0  stm32f4xx_usart.o ABSOLUTE
    ..\\HALLIB\\src\\stm32f4xx_wwdg.c        0x00000000   Number         0  stm32f4xx_wwdg.o ABSOLUTE
    ..\\HARDWARE\\CAN\\can.c                 0x00000000   Number         0  can.o ABSOLUTE
    ..\\HARDWARE\\LED\\led.c                 0x00000000   Number         0  led.o ABSOLUTE
    ..\\HARDWARE\\SPI\\spi.c                 0x00000000   Number         0  spi.o ABSOLUTE
    ..\\SYSTEM\\delay\\delay.c               0x00000000   Number         0  delay.o ABSOLUTE
    ..\\SYSTEM\\sys\\sys.c                   0x00000000   Number         0  sys.o ABSOLUTE
    ..\\SYSTEM\\usart\\usart.c               0x00000000   Number         0  usart.o ABSOLUTE
    dc.s                                     0x00000000   Number         0  dc.o ABSOLUTE
    main.c                                   0x00000000   Number         0  main.o ABSOLUTE
    main.c                                   0x00000000   Number         0  main.o ABSOLUTE
    stm32f4xx_it.c                           0x00000000   Number         0  stm32f4xx_it.o ABSOLUTE
    stm32f4xx_it.c                           0x00000000   Number         0  stm32f4xx_it.o ABSOLUTE
    system_stm32f4xx.c                       0x00000000   Number         0  system_stm32f4xx.o ABSOLUTE
    system_stm32f4xx.c                       0x00000000   Number         0  system_stm32f4xx.o ABSOLUTE
    RESET                                    0x08000000   Section      452  startup_stm32f446xx.o(RESET)
    !!!main                                  0x080001c4   Section        8  __main.o(!!!main)
    !!!scatter                               0x080001cc   Section       52  __scatter.o(!!!scatter)
    !!handler_copy                           0x08000200   Section       26  __scatter_copy.o(!!handler_copy)
    !!handler_zi                             0x0800021c   Section       28  __scatter_zi.o(!!handler_zi)
    .ARM.Collect$$libinit$$00000000          0x08000238   Section        2  libinit.o(.ARM.Collect$$libinit$$00000000)
    .ARM.Collect$$libinit$$00000001          0x0800023a   Section        4  libinit2.o(.ARM.Collect$$libinit$$00000001)
    .ARM.Collect$$libinit$$00000004          0x0800023e   Section        0  libinit2.o(.ARM.Collect$$libinit$$00000004)
    .ARM.Collect$$libinit$$0000000A          0x0800023e   Section        0  libinit2.o(.ARM.Collect$$libinit$$0000000A)
    .ARM.Collect$$libinit$$0000000C          0x0800023e   Section        0  libinit2.o(.ARM.Collect$$libinit$$0000000C)
    .ARM.Collect$$libinit$$0000000E          0x0800023e   Section        0  libinit2.o(.ARM.Collect$$libinit$$0000000E)
    .ARM.Collect$$libinit$$00000011          0x0800023e   Section        0  libinit2.o(.ARM.Collect$$libinit$$00000011)
    .ARM.Collect$$libinit$$00000013          0x0800023e   Section        0  libinit2.o(.ARM.Collect$$libinit$$00000013)
    .ARM.Collect$$libinit$$00000015          0x0800023e   Section        0  libinit2.o(.ARM.Collect$$libinit$$00000015)
    .ARM.Collect$$libinit$$00000017          0x0800023e   Section        0  libinit2.o(.ARM.Collect$$libinit$$00000017)
    .ARM.Collect$$libinit$$00000019          0x0800023e   Section        0  libinit2.o(.ARM.Collect$$libinit$$00000019)
    .ARM.Collect$$libinit$$0000001B          0x0800023e   Section        0  libinit2.o(.ARM.Collect$$libinit$$0000001B)
    .ARM.Collect$$libinit$$0000001D          0x0800023e   Section        0  libinit2.o(.ARM.Collect$$libinit$$0000001D)
    .ARM.Collect$$libinit$$0000001F          0x0800023e   Section        0  libinit2.o(.ARM.Collect$$libinit$$0000001F)
    .ARM.Collect$$libinit$$00000021          0x0800023e   Section        0  libinit2.o(.ARM.Collect$$libinit$$00000021)
    .ARM.Collect$$libinit$$00000023          0x0800023e   Section        0  libinit2.o(.ARM.Collect$$libinit$$00000023)
    .ARM.Collect$$libinit$$00000025          0x0800023e   Section        0  libinit2.o(.ARM.Collect$$libinit$$00000025)
    .ARM.Collect$$libinit$$0000002C          0x0800023e   Section        0  libinit2.o(.ARM.Collect$$libinit$$0000002C)
    .ARM.Collect$$libinit$$0000002E          0x0800023e   Section        0  libinit2.o(.ARM.Collect$$libinit$$0000002E)
    .ARM.Collect$$libinit$$00000030          0x0800023e   Section        0  libinit2.o(.ARM.Collect$$libinit$$00000030)
    .ARM.Collect$$libinit$$00000032          0x0800023e   Section        0  libinit2.o(.ARM.Collect$$libinit$$00000032)
    .ARM.Collect$$libinit$$00000033          0x0800023e   Section        2  libinit2.o(.ARM.Collect$$libinit$$00000033)
    .ARM.Collect$$libshutdown$$00000000      0x08000240   Section        2  libshutdown.o(.ARM.Collect$$libshutdown$$00000000)
    .ARM.Collect$$libshutdown$$00000002      0x08000242   Section        0  libshutdown2.o(.ARM.Collect$$libshutdown$$00000002)
    .ARM.Collect$$libshutdown$$00000004      0x08000242   Section        0  libshutdown2.o(.ARM.Collect$$libshutdown$$00000004)
    .ARM.Collect$$libshutdown$$00000006      0x08000242   Section        0  libshutdown2.o(.ARM.Collect$$libshutdown$$00000006)
    .ARM.Collect$$libshutdown$$00000009      0x08000242   Section        0  libshutdown2.o(.ARM.Collect$$libshutdown$$00000009)
    .ARM.Collect$$libshutdown$$0000000C      0x08000242   Section        0  libshutdown2.o(.ARM.Collect$$libshutdown$$0000000C)
    .ARM.Collect$$libshutdown$$0000000E      0x08000242   Section        0  libshutdown2.o(.ARM.Collect$$libshutdown$$0000000E)
    .ARM.Collect$$libshutdown$$00000011      0x08000242   Section        0  libshutdown2.o(.ARM.Collect$$libshutdown$$00000011)
    .ARM.Collect$$libshutdown$$00000012      0x08000242   Section        2  libshutdown2.o(.ARM.Collect$$libshutdown$$00000012)
    .ARM.Collect$$rtentry$$00000000          0x08000244   Section        0  __rtentry.o(.ARM.Collect$$rtentry$$00000000)
    .ARM.Collect$$rtentry$$00000002          0x08000244   Section        0  __rtentry2.o(.ARM.Collect$$rtentry$$00000002)
    .ARM.Collect$$rtentry$$00000004          0x08000244   Section        6  __rtentry4.o(.ARM.Collect$$rtentry$$00000004)
    .ARM.Collect$$rtentry$$00000009          0x0800024a   Section        0  __rtentry2.o(.ARM.Collect$$rtentry$$00000009)
    .ARM.Collect$$rtentry$$0000000A          0x0800024a   Section        4  __rtentry2.o(.ARM.Collect$$rtentry$$0000000A)
    .ARM.Collect$$rtentry$$0000000C          0x0800024e   Section        0  __rtentry2.o(.ARM.Collect$$rtentry$$0000000C)
    .ARM.Collect$$rtentry$$0000000D          0x0800024e   Section        8  __rtentry2.o(.ARM.Collect$$rtentry$$0000000D)
    .ARM.Collect$$rtexit$$00000000           0x08000256   Section        2  rtexit.o(.ARM.Collect$$rtexit$$00000000)
    .ARM.Collect$$rtexit$$00000002           0x08000258   Section        0  rtexit2.o(.ARM.Collect$$rtexit$$00000002)
    .ARM.Collect$$rtexit$$00000003           0x08000258   Section        4  rtexit2.o(.ARM.Collect$$rtexit$$00000003)
    .ARM.Collect$$rtexit$$00000004           0x0800025c   Section        6  rtexit2.o(.ARM.Collect$$rtexit$$00000004)
    .text                                    0x08000264   Section       64  startup_stm32f446xx.o(.text)
    $v0                                      0x08000264   Number         0  startup_stm32f446xx.o(.text)
    .text                                    0x080002a4   Section        2  use_no_semi_2.o(.text)
    .text                                    0x080002a6   Section        0  heapauxi.o(.text)
    .text                                    0x080002ac   Section        2  use_no_semi.o(.text)
    .text                                    0x080002b0   Section        8  libspace.o(.text)
    .text                                    0x080002b8   Section       74  sys_stackheap_outer.o(.text)
    .text                                    0x08000302   Section        0  exit.o(.text)
    i.BusFault_Handler                       0x08000314   Section        0  stm32f4xx_it.o(i.BusFault_Handler)
    i.CAN1_Mode_Init                         0x08000318   Section        0  can.o(i.CAN1_Mode_Init)
    i.CAN1_Receive_Msg                       0x080003e0   Section        0  can.o(i.CAN1_Receive_Msg)
    i.CAN2_Mode_Init                         0x08000424   Section        0  can.o(i.CAN2_Mode_Init)
    i.CAN2_Receive_Msg                       0x080004f0   Section        0  can.o(i.CAN2_Receive_Msg)
    i.CAN_FilterInit                         0x08000534   Section        0  stm32f4xx_can.o(i.CAN_FilterInit)
    i.CAN_Init                               0x0800063c   Section        0  stm32f4xx_can.o(i.CAN_Init)
    i.CAN_MessagePending                     0x08000750   Section        0  stm32f4xx_can.o(i.CAN_MessagePending)
    i.CAN_Receive                            0x0800076e   Section        0  stm32f4xx_can.o(i.CAN_Receive)
    i.CAN_Send_Msg                           0x0800085e   Section        0  can.o(i.CAN_Send_Msg)
    i.CAN_Transmit                           0x080008cc   Section        0  stm32f4xx_can.o(i.CAN_Transmit)
    i.CAN_TransmitStatus                     0x080009f4   Section        0  stm32f4xx_can.o(i.CAN_TransmitStatus)
    i.DebugMon_Handler                       0x08000a94   Section        0  stm32f4xx_it.o(i.DebugMon_Handler)
    i.EnterMotorMode                         0x08000a96   Section        0  main.o(i.EnterMotorMode)
    i.ExitMotorMode                          0x08000aae   Section        0  main.o(i.ExitMotorMode)
    i.GPIO_Init                              0x08000ac6   Section        0  stm32f4xx_gpio.o(i.GPIO_Init)
    i.GPIO_PinAFConfig                       0x08000b56   Section        0  stm32f4xx_gpio.o(i.GPIO_PinAFConfig)
    i.HardFault_Handler                      0x08000b9c   Section        0  stm32f4xx_it.o(i.HardFault_Handler)
    i.MemManage_Handler                      0x08000ba0   Section        0  stm32f4xx_it.o(i.MemManage_Handler)
    i.NMI_Handler                            0x08000ba4   Section        0  stm32f4xx_it.o(i.NMI_Handler)
    i.NVIC_Init                              0x08000ba8   Section        0  misc.o(i.NVIC_Init)
    i.NVIC_PriorityGroupConfig               0x08000c20   Section        0  misc.o(i.NVIC_PriorityGroupConfig)
    i.PackAll                                0x08000c34   Section        0  main.o(i.PackAll)
    i.PendSV_Handler                         0x08000cd8   Section        0  stm32f4xx_it.o(i.PendSV_Handler)
    i.RCC_AHB1ClockGatingCmd                 0x08000cdc   Section        0  stm32f4xx_rcc.o(i.RCC_AHB1ClockGatingCmd)
    i.RCC_AHB1PeriphClockCmd                 0x08000cfc   Section        0  stm32f4xx_rcc.o(i.RCC_AHB1PeriphClockCmd)
    i.RCC_APB1PeriphClockCmd                 0x08000d1c   Section        0  stm32f4xx_rcc.o(i.RCC_APB1PeriphClockCmd)
    i.RCC_APB1PeriphResetCmd                 0x08000d3c   Section        0  stm32f4xx_rcc.o(i.RCC_APB1PeriphResetCmd)
    i.RCC_APB2PeriphClockCmd                 0x08000d5c   Section        0  stm32f4xx_rcc.o(i.RCC_APB2PeriphClockCmd)
    i.RCC_APB2PeriphResetCmd                 0x08000d7c   Section        0  stm32f4xx_rcc.o(i.RCC_APB2PeriphResetCmd)
    i.RCC_GetClocksFreq                      0x08000d9c   Section        0  stm32f4xx_rcc.o(i.RCC_GetClocksFreq)
    i.SPI1_IRQHandler                        0x08000f64   Section        0  main.o(i.SPI1_IRQHandler)
    i.SPI_Cmd                                0x08001080   Section        0  stm32f4xx_spi.o(i.SPI_Cmd)
    i.SPI_I2S_DeInit                         0x08001098   Section        0  stm32f4xx_spi.o(i.SPI_I2S_DeInit)
    i.SPI_I2S_GetFlagStatus                  0x08001148   Section        0  stm32f4xx_spi.o(i.SPI_I2S_GetFlagStatus)
    i.SPI_I2S_ITConfig                       0x0800115a   Section        0  stm32f4xx_spi.o(i.SPI_I2S_ITConfig)
    i.SPI_I2S_ReceiveData                    0x0800117a   Section        0  stm32f4xx_spi.o(i.SPI_I2S_ReceiveData)
    i.SPI_I2S_SendData                       0x08001180   Section        0  stm32f4xx_spi.o(i.SPI_I2S_SendData)
    i.SPI_Init                               0x08001184   Section        0  stm32f4xx_spi.o(i.SPI_Init)
    i.SPI_SSOutputCmd                        0x080011c0   Section        0  stm32f4xx_spi.o(i.SPI_SSOutputCmd)
    i.SVC_Handler                            0x080011d8   Section        0  stm32f4xx_it.o(i.SVC_Handler)
    i.SetSysClock                            0x080011dc   Section        0  system_stm32f4xx.o(i.SetSysClock)
    SetSysClock                              0x080011dd   Thumb Code   272  system_stm32f4xx.o(i.SetSysClock)
    i.SysTick_CLKSourceConfig                0x080012fc   Section        0  misc.o(i.SysTick_CLKSourceConfig)
    i.SysTick_Handler                        0x08001324   Section        0  stm32f4xx_it.o(i.SysTick_Handler)
    i.SystemInit                             0x08001328   Section        0  system_stm32f4xx.o(i.SystemInit)
    i.USART1_IRQHandler                      0x08001390   Section        0  usart.o(i.USART1_IRQHandler)
    i.USART_Cmd                              0x08001418   Section        0  stm32f4xx_usart.o(i.USART_Cmd)
    i.USART_GetITStatus                      0x08001430   Section        0  stm32f4xx_usart.o(i.USART_GetITStatus)
    i.USART_ITConfig                         0x08001484   Section        0  stm32f4xx_usart.o(i.USART_ITConfig)
    i.USART_Init                             0x080014d0   Section        0  stm32f4xx_usart.o(i.USART_Init)
    i.USART_ReceiveData                      0x080015a4   Section        0  stm32f4xx_usart.o(i.USART_ReceiveData)
    i.UsageFault_Handler                     0x080015ae   Section        0  stm32f4xx_it.o(i.UsageFault_Handler)
    i.WriteAll                               0x080015b4   Section        0  main.o(i.WriteAll)
    i.__hardfp_fmaxf                         0x08001660   Section        0  math_ops.o(i.__hardfp_fmaxf)
    i.__hardfp_fminf                         0x0800167a   Section        0  math_ops.o(i.__hardfp_fminf)
    i._sys_exit                              0x08001694   Section        0  usart.o(i._sys_exit)
    i.control                                0x08001698   Section        0  main.o(i.control)
    i.delay_init                             0x080019cc   Section        0  delay.o(i.delay_init)
    i.delay_ms                               0x08001a08   Section        0  delay.o(i.delay_ms)
    i.delay_us                               0x08001a40   Section        0  delay.o(i.delay_us)
    i.delay_xms                              0x08001a8c   Section        0  delay.o(i.delay_xms)
    i.float_to_uint                          0x08001ad8   Section        0  math_ops.o(i.float_to_uint)
    i.led_init                               0x08001b0c   Section        0  led.o(i.led_init)
    i.main                                   0x08001b40   Section        0  main.o(i.main)
    i.pack_cmd                               0x08001cfc   Section        0  main.o(i.pack_cmd)
    i.spi_init                               0x08001e64   Section        0  spi.o(i.spi_init)
    i.uart_init                              0x08001f74   Section        0  usart.o(i.uart_init)
    i.uint_to_float                          0x08002020   Section        0  math_ops.o(i.uint_to_float)
    i.unpack_reply                           0x08002054   Section        0  main.o(i.unpack_reply)
    i.xor_checksum                           0x08002114   Section        0  main.o(i.xor_checksum)
    i.zero                                   0x08002130   Section        0  main.o(i.zero)
    i.zero_commond                           0x080022e8   Section        0  main.o(i.zero_commond)
    i.zero_control                           0x080023f0   Section        0  main.o(i.zero_control)
    x$fpl$fpinit                             0x080024f4   Section       10  fpinit.o(x$fpl$fpinit)
    $v0                                      0x080024f4   Number         0  fpinit.o(x$fpl$fpinit)
    .data                                    0x20000000   Section        5  main.o(.data)
    enabled                                  0x20000003   Data           1  main.o(.data)
    .data                                    0x20000005   Section       16  stm32f4xx_rcc.o(.data)
    APBAHBPrescTable                         0x20000005   Data          16  stm32f4xx_rcc.o(.data)
    .data                                    0x20000016   Section        4  delay.o(.data)
    fac_us                                   0x20000016   Data           1  delay.o(.data)
    fac_ms                                   0x20000018   Data           2  delay.o(.data)
    .data                                    0x2000001c   Section        6  usart.o(.data)
    .bss                                     0x20000024   Section      752  main.o(.bss)
    .bss                                     0x20000314   Section      200  usart.o(.bss)
    .bss                                     0x200003dc   Section       96  libspace.o(.bss)
    HEAP                                     0x20000440   Section      512  startup_stm32f446xx.o(HEAP)
    Heap_Mem                                 0x20000440   Data         512  startup_stm32f446xx.o(HEAP)
    STACK                                    0x20000640   Section     1024  startup_stm32f446xx.o(STACK)
    Stack_Mem                                0x20000640   Data        1024  startup_stm32f446xx.o(STACK)
    __initial_sp                             0x20000a40   Data           0  startup_stm32f446xx.o(STACK)

    Global Symbols

    Symbol Name                              Value     Ov Type        Size  Object(Section)

    BuildAttributes$$THM_ISAv4$E$P$D$K$B$S$7EM$VFPi3$EXTD16$VFPS$VFMA$PE$A:L22UL41UL21$X:L11$S22US41US21$IEEE1$IW$USESV6$~STKCKD$USESV7$~SHL$OTIME$ROPI$IEEEJ$EBA8$UX$STANDARDLIB$REQ8$PRES8$EABIv2 0x00000000   Number         0  anon$$obj.o ABSOLUTE
    __ARM_use_no_argv                        0x00000000   Number         0  main.o ABSOLUTE
    __ARM_exceptions_init                     - Undefined Weak Reference
    __alloca_initialize                       - Undefined Weak Reference
    __arm_fini_                               - Undefined Weak Reference
    __arm_preinit_                            - Undefined Weak Reference
    __cpp_initialize__aeabi_                  - Undefined Weak Reference
    __cxa_finalize                            - Undefined Weak Reference
    __sigvec_lookup                           - Undefined Weak Reference
    _atexit_init                              - Undefined Weak Reference
    _call_atexit_fns                          - Undefined Weak Reference
    _clock_init                               - Undefined Weak Reference
    _fp_trap_init                             - Undefined Weak Reference
    _fp_trap_shutdown                         - Undefined Weak Reference
    _get_lc_collate                           - Undefined Weak Reference
    _get_lc_ctype                             - Undefined Weak Reference
    _get_lc_monetary                          - Undefined Weak Reference
    _get_lc_time                              - Undefined Weak Reference
    _getenv_init                              - Undefined Weak Reference
    _handle_redirection                       - Undefined Weak Reference
    _init_alloc                               - Undefined Weak Reference
    _init_user_alloc                          - Undefined Weak Reference
    _initio                                   - Undefined Weak Reference
    _mutex_acquire                            - Undefined Weak Reference
    _mutex_release                            - Undefined Weak Reference
    _printf_post_padding                      - Undefined Weak Reference
    _printf_pre_padding                       - Undefined Weak Reference
    _printf_truncate_signed                   - Undefined Weak Reference
    _printf_truncate_unsigned                 - Undefined Weak Reference
    _rand_init                                - Undefined Weak Reference
    _signal_finish                            - Undefined Weak Reference
    _signal_init                              - Undefined Weak Reference
    _terminate_alloc                          - Undefined Weak Reference
    _terminate_user_alloc                     - Undefined Weak Reference
    _terminateio                              - Undefined Weak Reference
    __Vectors_Size                           0x000001c4   Number         0  startup_stm32f446xx.o ABSOLUTE
    __Vectors                                0x08000000   Data           4  startup_stm32f446xx.o(RESET)
    __Vectors_End                            0x080001c4   Data           0  startup_stm32f446xx.o(RESET)
    __main                                   0x080001c5   Thumb Code     8  __main.o(!!!main)
    __scatterload                            0x080001cd   Thumb Code     0  __scatter.o(!!!scatter)
    __scatterload_rt2                        0x080001cd   Thumb Code    44  __scatter.o(!!!scatter)
    __scatterload_rt2_thumb_only             0x080001cd   Thumb Code     0  __scatter.o(!!!scatter)
    __scatterload_null                       0x080001db   Thumb Code     0  __scatter.o(!!!scatter)
    __scatterload_copy                       0x08000201   Thumb Code    26  __scatter_copy.o(!!handler_copy)
    __scatterload_zeroinit                   0x0800021d   Thumb Code    28  __scatter_zi.o(!!handler_zi)
    __rt_lib_init                            0x08000239   Thumb Code     0  libinit.o(.ARM.Collect$$libinit$$00000000)
    __rt_lib_init_fp_1                       0x0800023b   Thumb Code     0  libinit2.o(.ARM.Collect$$libinit$$00000001)
    __rt_lib_init_alloca_1                   0x0800023f   Thumb Code     0  libinit2.o(.ARM.Collect$$libinit$$0000002E)
    __rt_lib_init_argv_1                     0x0800023f   Thumb Code     0  libinit2.o(.ARM.Collect$$libinit$$0000002C)
    __rt_lib_init_atexit_1                   0x0800023f   Thumb Code     0  libinit2.o(.ARM.Collect$$libinit$$0000001B)
    __rt_lib_init_clock_1                    0x0800023f   Thumb Code     0  libinit2.o(.ARM.Collect$$libinit$$00000021)
    __rt_lib_init_cpp_1                      0x0800023f   Thumb Code     0  libinit2.o(.ARM.Collect$$libinit$$00000032)
    __rt_lib_init_exceptions_1               0x0800023f   Thumb Code     0  libinit2.o(.ARM.Collect$$libinit$$00000030)
    __rt_lib_init_fp_trap_1                  0x0800023f   Thumb Code     0  libinit2.o(.ARM.Collect$$libinit$$0000001F)
    __rt_lib_init_getenv_1                   0x0800023f   Thumb Code     0  libinit2.o(.ARM.Collect$$libinit$$00000023)
    __rt_lib_init_heap_1                     0x0800023f   Thumb Code     0  libinit2.o(.ARM.Collect$$libinit$$0000000A)
    __rt_lib_init_lc_collate_1               0x0800023f   Thumb Code     0  libinit2.o(.ARM.Collect$$libinit$$00000011)
    __rt_lib_init_lc_ctype_1                 0x0800023f   Thumb Code     0  libinit2.o(.ARM.Collect$$libinit$$00000013)
    __rt_lib_init_lc_monetary_1              0x0800023f   Thumb Code     0  libinit2.o(.ARM.Collect$$libinit$$00000015)
    __rt_lib_init_lc_numeric_1               0x0800023f   Thumb Code     0  libinit2.o(.ARM.Collect$$libinit$$00000017)
    __rt_lib_init_lc_time_1                  0x0800023f   Thumb Code     0  libinit2.o(.ARM.Collect$$libinit$$00000019)
    __rt_lib_init_preinit_1                  0x0800023f   Thumb Code     0  libinit2.o(.ARM.Collect$$libinit$$00000004)
    __rt_lib_init_rand_1                     0x0800023f   Thumb Code     0  libinit2.o(.ARM.Collect$$libinit$$0000000E)
    __rt_lib_init_return                     0x0800023f   Thumb Code     0  libinit2.o(.ARM.Collect$$libinit$$00000033)
    __rt_lib_init_signal_1                   0x0800023f   Thumb Code     0  libinit2.o(.ARM.Collect$$libinit$$0000001D)
    __rt_lib_init_stdio_1                    0x0800023f   Thumb Code     0  libinit2.o(.ARM.Collect$$libinit$$00000025)
    __rt_lib_init_user_alloc_1               0x0800023f   Thumb Code     0  libinit2.o(.ARM.Collect$$libinit$$0000000C)
    __rt_lib_shutdown                        0x08000241   Thumb Code     0  libshutdown.o(.ARM.Collect$$libshutdown$$00000000)
    __rt_lib_shutdown_cpp_1                  0x08000243   Thumb Code     0  libshutdown2.o(.ARM.Collect$$libshutdown$$00000004)
    __rt_lib_shutdown_fini_1                 0x08000243   Thumb Code     0  libshutdown2.o(.ARM.Collect$$libshutdown$$00000002)
    __rt_lib_shutdown_fp_trap_1              0x08000243   Thumb Code     0  libshutdown2.o(.ARM.Collect$$libshutdown$$00000009)
    __rt_lib_shutdown_heap_1                 0x08000243   Thumb Code     0  libshutdown2.o(.ARM.Collect$$libshutdown$$00000011)
    __rt_lib_shutdown_return                 0x08000243   Thumb Code     0  libshutdown2.o(.ARM.Collect$$libshutdown$$00000012)
    __rt_lib_shutdown_signal_1               0x08000243   Thumb Code     0  libshutdown2.o(.ARM.Collect$$libshutdown$$0000000C)
    __rt_lib_shutdown_stdio_1                0x08000243   Thumb Code     0  libshutdown2.o(.ARM.Collect$$libshutdown$$00000006)
    __rt_lib_shutdown_user_alloc_1           0x08000243   Thumb Code     0  libshutdown2.o(.ARM.Collect$$libshutdown$$0000000E)
    __rt_entry                               0x08000245   Thumb Code     0  __rtentry.o(.ARM.Collect$$rtentry$$00000000)
    __rt_entry_presh_1                       0x08000245   Thumb Code     0  __rtentry2.o(.ARM.Collect$$rtentry$$00000002)
    __rt_entry_sh                            0x08000245   Thumb Code     0  __rtentry4.o(.ARM.Collect$$rtentry$$00000004)
    __rt_entry_li                            0x0800024b   Thumb Code     0  __rtentry2.o(.ARM.Collect$$rtentry$$0000000A)
    __rt_entry_postsh_1                      0x0800024b   Thumb Code     0  __rtentry2.o(.ARM.Collect$$rtentry$$00000009)
    __rt_entry_main                          0x0800024f   Thumb Code     0  __rtentry2.o(.ARM.Collect$$rtentry$$0000000D)
    __rt_entry_postli_1                      0x0800024f   Thumb Code     0  __rtentry2.o(.ARM.Collect$$rtentry$$0000000C)
    __rt_exit                                0x08000257   Thumb Code     0  rtexit.o(.ARM.Collect$$rtexit$$00000000)
    __rt_exit_ls                             0x08000259   Thumb Code     0  rtexit2.o(.ARM.Collect$$rtexit$$00000003)
    __rt_exit_prels_1                        0x08000259   Thumb Code     0  rtexit2.o(.ARM.Collect$$rtexit$$00000002)
    __rt_exit_exit                           0x0800025d   Thumb Code     0  rtexit2.o(.ARM.Collect$$rtexit$$00000004)
    Reset_Handler                            0x08000265   Thumb Code     8  startup_stm32f446xx.o(.text)
    ADC_IRQHandler                           0x0800027f   Thumb Code     0  startup_stm32f446xx.o(.text)
    CAN1_RX0_IRQHandler                      0x0800027f   Thumb Code     0  startup_stm32f446xx.o(.text)
    CAN1_RX1_IRQHandler                      0x0800027f   Thumb Code     0  startup_stm32f446xx.o(.text)
    CAN1_SCE_IRQHandler                      0x0800027f   Thumb Code     0  startup_stm32f446xx.o(.text)
    CAN1_TX_IRQHandler                       0x0800027f   Thumb Code     0  startup_stm32f446xx.o(.text)
    CAN2_RX0_IRQHandler                      0x0800027f   Thumb Code     0  startup_stm32f446xx.o(.text)
    CAN2_RX1_IRQHandler                      0x0800027f   Thumb Code     0  startup_stm32f446xx.o(.text)
    CAN2_SCE_IRQHandler                      0x0800027f   Thumb Code     0  startup_stm32f446xx.o(.text)
    CAN2_TX_IRQHandler                       0x0800027f   Thumb Code     0  startup_stm32f446xx.o(.text)
    CEC_IRQHandler                           0x0800027f   Thumb Code     0  startup_stm32f446xx.o(.text)
    DCMI_IRQHandler                          0x0800027f   Thumb Code     0  startup_stm32f446xx.o(.text)
    DMA1_Stream0_IRQHandler                  0x0800027f   Thumb Code     0  startup_stm32f446xx.o(.text)
    DMA1_Stream1_IRQHandler                  0x0800027f   Thumb Code     0  startup_stm32f446xx.o(.text)
    DMA1_Stream2_IRQHandler                  0x0800027f   Thumb Code     0  startup_stm32f446xx.o(.text)
    DMA1_Stream3_IRQHandler                  0x0800027f   Thumb Code     0  startup_stm32f446xx.o(.text)
    DMA1_Stream4_IRQHandler                  0x0800027f   Thumb Code     0  startup_stm32f446xx.o(.text)
    DMA1_Stream5_IRQHandler                  0x0800027f   Thumb Code     0  startup_stm32f446xx.o(.text)
    DMA1_Stream6_IRQHandler                  0x0800027f   Thumb Code     0  startup_stm32f446xx.o(.text)
    DMA1_Stream7_IRQHandler                  0x0800027f   Thumb Code     0  startup_stm32f446xx.o(.text)
    DMA2_Stream0_IRQHandler                  0x0800027f   Thumb Code     0  startup_stm32f446xx.o(.text)
    DMA2_Stream1_IRQHandler                  0x0800027f   Thumb Code     0  startup_stm32f446xx.o(.text)
    DMA2_Stream2_IRQHandler                  0x0800027f   Thumb Code     0  startup_stm32f446xx.o(.text)
    DMA2_Stream3_IRQHandler                  0x0800027f   Thumb Code     0  startup_stm32f446xx.o(.text)
    DMA2_Stream4_IRQHandler                  0x0800027f   Thumb Code     0  startup_stm32f446xx.o(.text)
    DMA2_Stream5_IRQHandler                  0x0800027f   Thumb Code     0  startup_stm32f446xx.o(.text)
    DMA2_Stream6_IRQHandler                  0x0800027f   Thumb Code     0  startup_stm32f446xx.o(.text)
    DMA2_Stream7_IRQHandler                  0x0800027f   Thumb Code     0  startup_stm32f446xx.o(.text)
    EXTI0_IRQHandler                         0x0800027f   Thumb Code     0  startup_stm32f446xx.o(.text)
    EXTI15_10_IRQHandler                     0x0800027f   Thumb Code     0  startup_stm32f446xx.o(.text)
    EXTI1_IRQHandler                         0x0800027f   Thumb Code     0  startup_stm32f446xx.o(.text)
    EXTI2_IRQHandler                         0x0800027f   Thumb Code     0  startup_stm32f446xx.o(.text)
    EXTI3_IRQHandler                         0x0800027f   Thumb Code     0  startup_stm32f446xx.o(.text)
    EXTI4_IRQHandler                         0x0800027f   Thumb Code     0  startup_stm32f446xx.o(.text)
    EXTI9_5_IRQHandler                       0x0800027f   Thumb Code     0  startup_stm32f446xx.o(.text)
    FLASH_IRQHandler                         0x0800027f   Thumb Code     0  startup_stm32f446xx.o(.text)
    FMC_IRQHandler                           0x0800027f   Thumb Code     0  startup_stm32f446xx.o(.text)
    FMPI2C1_Error_IRQHandler                 0x0800027f   Thumb Code     0  startup_stm32f446xx.o(.text)
    FMPI2C1_Event_IRQHandler                 0x0800027f   Thumb Code     0  startup_stm32f446xx.o(.text)
    FPU_IRQHandler                           0x0800027f   Thumb Code     0  startup_stm32f446xx.o(.text)
    I2C1_ER_IRQHandler                       0x0800027f   Thumb Code     0  startup_stm32f446xx.o(.text)
    I2C1_EV_IRQHandler                       0x0800027f   Thumb Code     0  startup_stm32f446xx.o(.text)
    I2C2_ER_IRQHandler                       0x0800027f   Thumb Code     0  startup_stm32f446xx.o(.text)
    I2C2_EV_IRQHandler                       0x0800027f   Thumb Code     0  startup_stm32f446xx.o(.text)
    I2C3_ER_IRQHandler                       0x0800027f   Thumb Code     0  startup_stm32f446xx.o(.text)
    I2C3_EV_IRQHandler                       0x0800027f   Thumb Code     0  startup_stm32f446xx.o(.text)
    OTG_FS_IRQHandler                        0x0800027f   Thumb Code     0  startup_stm32f446xx.o(.text)
    OTG_FS_WKUP_IRQHandler                   0x0800027f   Thumb Code     0  startup_stm32f446xx.o(.text)
    OTG_HS_EP1_IN_IRQHandler                 0x0800027f   Thumb Code     0  startup_stm32f446xx.o(.text)
    OTG_HS_EP1_OUT_IRQHandler                0x0800027f   Thumb Code     0  startup_stm32f446xx.o(.text)
    OTG_HS_IRQHandler                        0x0800027f   Thumb Code     0  startup_stm32f446xx.o(.text)
    OTG_HS_WKUP_IRQHandler                   0x0800027f   Thumb Code     0  startup_stm32f446xx.o(.text)
    PVD_IRQHandler                           0x0800027f   Thumb Code     0  startup_stm32f446xx.o(.text)
    QuadSPI_IRQHandler                       0x0800027f   Thumb Code     0  startup_stm32f446xx.o(.text)
    RCC_IRQHandler                           0x0800027f   Thumb Code     0  startup_stm32f446xx.o(.text)
    RTC_Alarm_IRQHandler                     0x0800027f   Thumb Code     0  startup_stm32f446xx.o(.text)
    RTC_WKUP_IRQHandler                      0x0800027f   Thumb Code     0  startup_stm32f446xx.o(.text)
    SAI1_IRQHandler                          0x0800027f   Thumb Code     0  startup_stm32f446xx.o(.text)
    SAI2_IRQHandler                          0x0800027f   Thumb Code     0  startup_stm32f446xx.o(.text)
    SDIO_IRQHandler                          0x0800027f   Thumb Code     0  startup_stm32f446xx.o(.text)
    SPDIF_RX_IRQHandler                      0x0800027f   Thumb Code     0  startup_stm32f446xx.o(.text)
    SPI2_IRQHandler                          0x0800027f   Thumb Code     0  startup_stm32f446xx.o(.text)
    SPI3_IRQHandler                          0x0800027f   Thumb Code     0  startup_stm32f446xx.o(.text)
    SPI4_IRQHandler                          0x0800027f   Thumb Code     0  startup_stm32f446xx.o(.text)
    TAMP_STAMP_IRQHandler                    0x0800027f   Thumb Code     0  startup_stm32f446xx.o(.text)
    TIM1_BRK_TIM9_IRQHandler                 0x0800027f   Thumb Code     0  startup_stm32f446xx.o(.text)
    TIM1_CC_IRQHandler                       0x0800027f   Thumb Code     0  startup_stm32f446xx.o(.text)
    TIM1_TRG_COM_TIM11_IRQHandler            0x0800027f   Thumb Code     0  startup_stm32f446xx.o(.text)
    TIM1_UP_TIM10_IRQHandler                 0x0800027f   Thumb Code     0  startup_stm32f446xx.o(.text)
    TIM2_IRQHandler                          0x0800027f   Thumb Code     0  startup_stm32f446xx.o(.text)
    TIM3_IRQHandler                          0x0800027f   Thumb Code     0  startup_stm32f446xx.o(.text)
    TIM4_IRQHandler                          0x0800027f   Thumb Code     0  startup_stm32f446xx.o(.text)
    TIM5_IRQHandler                          0x0800027f   Thumb Code     0  startup_stm32f446xx.o(.text)
    TIM6_DAC_IRQHandler                      0x0800027f   Thumb Code     0  startup_stm32f446xx.o(.text)
    TIM7_IRQHandler                          0x0800027f   Thumb Code     0  startup_stm32f446xx.o(.text)
    TIM8_BRK_TIM12_IRQHandler                0x0800027f   Thumb Code     0  startup_stm32f446xx.o(.text)
    TIM8_CC_IRQHandler                       0x0800027f   Thumb Code     0  startup_stm32f446xx.o(.text)
    TIM8_TRG_COM_TIM14_IRQHandler            0x0800027f   Thumb Code     0  startup_stm32f446xx.o(.text)
    TIM8_UP_TIM13_IRQHandler                 0x0800027f   Thumb Code     0  startup_stm32f446xx.o(.text)
    UART4_IRQHandler                         0x0800027f   Thumb Code     0  startup_stm32f446xx.o(.text)
    UART5_IRQHandler                         0x0800027f   Thumb Code     0  startup_stm32f446xx.o(.text)
    USART2_IRQHandler                        0x0800027f   Thumb Code     0  startup_stm32f446xx.o(.text)
    USART3_IRQHandler                        0x0800027f   Thumb Code     0  startup_stm32f446xx.o(.text)
    USART6_IRQHandler                        0x0800027f   Thumb Code     0  startup_stm32f446xx.o(.text)
    WWDG_IRQHandler                          0x0800027f   Thumb Code     0  startup_stm32f446xx.o(.text)
    __user_initial_stackheap                 0x08000281   Thumb Code     0  startup_stm32f446xx.o(.text)
    __use_no_semihosting                     0x080002a5   Thumb Code     2  use_no_semi_2.o(.text)
    __use_two_region_memory                  0x080002a7   Thumb Code     2  heapauxi.o(.text)
    __rt_heap_escrow$2region                 0x080002a9   Thumb Code     2  heapauxi.o(.text)
    __rt_heap_expand$2region                 0x080002ab   Thumb Code     2  heapauxi.o(.text)
    __I$use$semihosting                      0x080002ad   Thumb Code     0  use_no_semi.o(.text)
    __use_no_semihosting_swi                 0x080002ad   Thumb Code     2  use_no_semi.o(.text)
    __user_libspace                          0x080002b1   Thumb Code     8  libspace.o(.text)
    __user_perproc_libspace                  0x080002b1   Thumb Code     0  libspace.o(.text)
    __user_perthread_libspace                0x080002b1   Thumb Code     0  libspace.o(.text)
    __user_setup_stackheap                   0x080002b9   Thumb Code    74  sys_stackheap_outer.o(.text)
    exit                                     0x08000303   Thumb Code    18  exit.o(.text)
    BusFault_Handler                         0x08000315   Thumb Code     4  stm32f4xx_it.o(i.BusFault_Handler)
    CAN1_Mode_Init                           0x08000319   Thumb Code   192  can.o(i.CAN1_Mode_Init)
    CAN1_Receive_Msg                         0x080003e1   Thumb Code    62  can.o(i.CAN1_Receive_Msg)
    CAN2_Mode_Init                           0x08000425   Thumb Code   194  can.o(i.CAN2_Mode_Init)
    CAN2_Receive_Msg                         0x080004f1   Thumb Code    62  can.o(i.CAN2_Receive_Msg)
    CAN_FilterInit                           0x08000535   Thumb Code   258  stm32f4xx_can.o(i.CAN_FilterInit)
    CAN_Init                                 0x0800063d   Thumb Code   276  stm32f4xx_can.o(i.CAN_Init)
    CAN_MessagePending                       0x08000751   Thumb Code    30  stm32f4xx_can.o(i.CAN_MessagePending)
    CAN_Receive                              0x0800076f   Thumb Code   240  stm32f4xx_can.o(i.CAN_Receive)
    CAN_Send_Msg                             0x0800085f   Thumb Code   110  can.o(i.CAN_Send_Msg)
    CAN_Transmit                             0x080008cd   Thumb Code   294  stm32f4xx_can.o(i.CAN_Transmit)
    CAN_TransmitStatus                       0x080009f5   Thumb Code   138  stm32f4xx_can.o(i.CAN_TransmitStatus)
    DebugMon_Handler                         0x08000a95   Thumb Code     2  stm32f4xx_it.o(i.DebugMon_Handler)
    EnterMotorMode                           0x08000a97   Thumb Code    24  main.o(i.EnterMotorMode)
    ExitMotorMode                            0x08000aaf   Thumb Code    24  main.o(i.ExitMotorMode)
    GPIO_Init                                0x08000ac7   Thumb Code   144  stm32f4xx_gpio.o(i.GPIO_Init)
    GPIO_PinAFConfig                         0x08000b57   Thumb Code    70  stm32f4xx_gpio.o(i.GPIO_PinAFConfig)
    HardFault_Handler                        0x08000b9d   Thumb Code     4  stm32f4xx_it.o(i.HardFault_Handler)
    MemManage_Handler                        0x08000ba1   Thumb Code     4  stm32f4xx_it.o(i.MemManage_Handler)
    NMI_Handler                              0x08000ba5   Thumb Code     2  stm32f4xx_it.o(i.NMI_Handler)
    NVIC_Init                                0x08000ba9   Thumb Code   106  misc.o(i.NVIC_Init)
    NVIC_PriorityGroupConfig                 0x08000c21   Thumb Code    10  misc.o(i.NVIC_PriorityGroupConfig)
    PackAll                                  0x08000c35   Thumb Code   132  main.o(i.PackAll)
    PendSV_Handler                           0x08000cd9   Thumb Code     2  stm32f4xx_it.o(i.PendSV_Handler)
    RCC_AHB1ClockGatingCmd                   0x08000cdd   Thumb Code    26  stm32f4xx_rcc.o(i.RCC_AHB1ClockGatingCmd)
    RCC_AHB1PeriphClockCmd                   0x08000cfd   Thumb Code    26  stm32f4xx_rcc.o(i.RCC_AHB1PeriphClockCmd)
    RCC_APB1PeriphClockCmd                   0x08000d1d   Thumb Code    26  stm32f4xx_rcc.o(i.RCC_APB1PeriphClockCmd)
    RCC_APB1PeriphResetCmd                   0x08000d3d   Thumb Code    26  stm32f4xx_rcc.o(i.RCC_APB1PeriphResetCmd)
    RCC_APB2PeriphClockCmd                   0x08000d5d   Thumb Code    26  stm32f4xx_rcc.o(i.RCC_APB2PeriphClockCmd)
    RCC_APB2PeriphResetCmd                   0x08000d7d   Thumb Code    26  stm32f4xx_rcc.o(i.RCC_APB2PeriphResetCmd)
    RCC_GetClocksFreq                        0x08000d9d   Thumb Code   440  stm32f4xx_rcc.o(i.RCC_GetClocksFreq)
    SPI1_IRQHandler                          0x08000f65   Thumb Code   256  main.o(i.SPI1_IRQHandler)
    SPI_Cmd                                  0x08001081   Thumb Code    24  stm32f4xx_spi.o(i.SPI_Cmd)
    SPI_I2S_DeInit                           0x08001099   Thumb Code   152  stm32f4xx_spi.o(i.SPI_I2S_DeInit)
    SPI_I2S_GetFlagStatus                    0x08001149   Thumb Code    18  stm32f4xx_spi.o(i.SPI_I2S_GetFlagStatus)
    SPI_I2S_ITConfig                         0x0800115b   Thumb Code    32  stm32f4xx_spi.o(i.SPI_I2S_ITConfig)
    SPI_I2S_ReceiveData                      0x0800117b   Thumb Code     6  stm32f4xx_spi.o(i.SPI_I2S_ReceiveData)
    SPI_I2S_SendData                         0x08001181   Thumb Code     4  stm32f4xx_spi.o(i.SPI_I2S_SendData)
    SPI_Init                                 0x08001185   Thumb Code    60  stm32f4xx_spi.o(i.SPI_Init)
    SPI_SSOutputCmd                          0x080011c1   Thumb Code    24  stm32f4xx_spi.o(i.SPI_SSOutputCmd)
    SVC_Handler                              0x080011d9   Thumb Code     2  stm32f4xx_it.o(i.SVC_Handler)
    SysTick_CLKSourceConfig                  0x080012fd   Thumb Code    40  misc.o(i.SysTick_CLKSourceConfig)
    SysTick_Handler                          0x08001325   Thumb Code     2  stm32f4xx_it.o(i.SysTick_Handler)
    SystemInit                               0x08001329   Thumb Code    88  system_stm32f4xx.o(i.SystemInit)
    USART1_IRQHandler                        0x08001391   Thumb Code   122  usart.o(i.USART1_IRQHandler)
    USART_Cmd                                0x08001419   Thumb Code    24  stm32f4xx_usart.o(i.USART_Cmd)
    USART_GetITStatus                        0x08001431   Thumb Code    84  stm32f4xx_usart.o(i.USART_GetITStatus)
    USART_ITConfig                           0x08001485   Thumb Code    74  stm32f4xx_usart.o(i.USART_ITConfig)
    USART_Init                               0x080014d1   Thumb Code   204  stm32f4xx_usart.o(i.USART_Init)
    USART_ReceiveData                        0x080015a5   Thumb Code    10  stm32f4xx_usart.o(i.USART_ReceiveData)
    UsageFault_Handler                       0x080015af   Thumb Code     4  stm32f4xx_it.o(i.UsageFault_Handler)
    WriteAll                                 0x080015b5   Thumb Code   136  main.o(i.WriteAll)
    __hardfp_fmaxf                           0x08001661   Thumb Code    26  math_ops.o(i.__hardfp_fmaxf)
    __hardfp_fminf                           0x0800167b   Thumb Code    26  math_ops.o(i.__hardfp_fminf)
    _sys_exit                                0x08001695   Thumb Code     4  usart.o(i._sys_exit)
    control                                  0x08001699   Thumb Code   764  main.o(i.control)
    delay_init                               0x080019cd   Thumb Code    52  delay.o(i.delay_init)
    delay_ms                                 0x08001a09   Thumb Code    56  delay.o(i.delay_ms)
    delay_us                                 0x08001a41   Thumb Code    72  delay.o(i.delay_us)
    delay_xms                                0x08001a8d   Thumb Code    72  delay.o(i.delay_xms)
    float_to_uint                            0x08001ad9   Thumb Code    50  math_ops.o(i.float_to_uint)
    led_init                                 0x08001b0d   Thumb Code    48  led.o(i.led_init)
    main                                     0x08001b41   Thumb Code   378  main.o(i.main)
    pack_cmd                                 0x08001cfd   Thumb Code   334  main.o(i.pack_cmd)
    spi_init                                 0x08001e65   Thumb Code   262  spi.o(i.spi_init)
    uart_init                                0x08001f75   Thumb Code   164  usart.o(i.uart_init)
    uint_to_float                            0x08002021   Thumb Code    52  math_ops.o(i.uint_to_float)
    unpack_reply                             0x08002055   Thumb Code   176  main.o(i.unpack_reply)
    xor_checksum                             0x08002115   Thumb Code    26  main.o(i.xor_checksum)
    zero                                     0x08002131   Thumb Code   424  main.o(i.zero)
    zero_commond                             0x080022e9   Thumb Code   256  main.o(i.zero_commond)
    zero_control                             0x080023f1   Thumb Code   246  main.o(i.zero_control)
    _fp_init                                 0x080024f5   Thumb Code    10  fpinit.o(x$fpl$fpinit)
    __fplib_config_fpu_vfp                   0x080024fd   Thumb Code     0  fpinit.o(x$fpl$fpinit)
    __fplib_config_pureend_doubles           0x080024fd   Thumb Code     0  fpinit.o(x$fpl$fpinit)
    Region$$Table$$Base                      0x08002500   Number         0  anon$$obj.o(Region$$Table)
    Region$$Table$$Limit                     0x08002520   Number         0  anon$$obj.o(Region$$Table)
    in1                                      0x20000000   Data           1  main.o(.data)
    in2                                      0x20000001   Data           1  main.o(.data)
    out                                      0x20000002   Data           1  main.o(.data)
    spi_data_ready                           0x20000004   Data           1  main.o(.data)
    __stdout                                 0x2000001c   Data           4  usart.o(.data)
    USART_RX_STA                             0x20000020   Data           2  usart.o(.data)
    spi_data                                 0x20000024   Data          84  main.o(.bss)
    spi_command                              0x20000078   Data         132  main.o(.bss)
    rx_buff                                  0x200000fc   Data         132  main.o(.bss)
    tx_buff                                  0x20000180   Data         132  main.o(.bss)
    l1_state                                 0x20000204   Data          36  main.o(.bss)
    l2_state                                 0x20000228   Data          36  main.o(.bss)
    l1_control                               0x2000024c   Data          60  main.o(.bss)
    l2_control                               0x20000288   Data          60  main.o(.bss)
    a1_can                                   0x200002c4   Data          10  main.o(.bss)
    a2_can                                   0x200002ce   Data          10  main.o(.bss)
    h1_can                                   0x200002d8   Data          10  main.o(.bss)
    h2_can                                   0x200002e2   Data          10  main.o(.bss)
    k1_can                                   0x200002ec   Data          10  main.o(.bss)
    k2_can                                   0x200002f6   Data          10  main.o(.bss)
    rxMsg1                                   0x20000300   Data          10  main.o(.bss)
    rxMsg2                                   0x2000030a   Data          10  main.o(.bss)
    USART_RX_BUF                             0x20000314   Data         200  usart.o(.bss)
    __libspace_start                         0x200003dc   Data          96  libspace.o(.bss)
    __temporary_stack_top$libspace           0x2000043c   Data           0  libspace.o(.bss)



==============================================================================

Memory Map of the image

  Image Entry point : 0x080001c5

  Load Region LR_IROM1 (Base: 0x08000000, Size: 0x00002544, Max: 0x00080000, ABSOLUTE)

    Execution Region ER_IROM1 (Exec base: 0x08000000, Load base: 0x08000000, Size: 0x00002520, Max: 0x00080000, ABSOLUTE)

    Exec Addr    Load Addr    Size         Type   Attr      Idx    E Section Name        Object

    0x08000000   0x08000000   0x000001c4   Data   RO          395    RESET               startup_stm32f446xx.o
    0x080001c4   0x080001c4   0x00000008   Code   RO         6464  * !!!main             c_w.l(__main.o)
    0x080001cc   0x080001cc   0x00000034   Code   RO         6719    !!!scatter          c_w.l(__scatter.o)
    0x08000200   0x08000200   0x0000001a   Code   RO         6721    !!handler_copy      c_w.l(__scatter_copy.o)
    0x0800021a   0x0800021a   0x00000002   PAD
    0x0800021c   0x0800021c   0x0000001c   Code   RO         6723    !!handler_zi        c_w.l(__scatter_zi.o)
    0x08000238   0x08000238   0x00000002   Code   RO         6594    .ARM.Collect$$libinit$$00000000  c_w.l(libinit.o)
    0x0800023a   0x0800023a   0x00000004   Code   RO         6595    .ARM.Collect$$libinit$$00000001  c_w.l(libinit2.o)
    0x0800023e   0x0800023e   0x00000000   Code   RO         6598    .ARM.Collect$$libinit$$00000004  c_w.l(libinit2.o)
    0x0800023e   0x0800023e   0x00000000   Code   RO         6601    .ARM.Collect$$libinit$$0000000A  c_w.l(libinit2.o)
    0x0800023e   0x0800023e   0x00000000   Code   RO         6603    .ARM.Collect$$libinit$$0000000C  c_w.l(libinit2.o)
    0x0800023e   0x0800023e   0x00000000   Code   RO         6605    .ARM.Collect$$libinit$$0000000E  c_w.l(libinit2.o)
    0x0800023e   0x0800023e   0x00000000   Code   RO         6608    .ARM.Collect$$libinit$$00000011  c_w.l(libinit2.o)
    0x0800023e   0x0800023e   0x00000000   Code   RO         6610    .ARM.Collect$$libinit$$00000013  c_w.l(libinit2.o)
    0x0800023e   0x0800023e   0x00000000   Code   RO         6612    .ARM.Collect$$libinit$$00000015  c_w.l(libinit2.o)
    0x0800023e   0x0800023e   0x00000000   Code   RO         6614    .ARM.Collect$$libinit$$00000017  c_w.l(libinit2.o)
    0x0800023e   0x0800023e   0x00000000   Code   RO         6616    .ARM.Collect$$libinit$$00000019  c_w.l(libinit2.o)
    0x0800023e   0x0800023e   0x00000000   Code   RO         6618    .ARM.Collect$$libinit$$0000001B  c_w.l(libinit2.o)
    0x0800023e   0x0800023e   0x00000000   Code   RO         6620    .ARM.Collect$$libinit$$0000001D  c_w.l(libinit2.o)
    0x0800023e   0x0800023e   0x00000000   Code   RO         6622    .ARM.Collect$$libinit$$0000001F  c_w.l(libinit2.o)
    0x0800023e   0x0800023e   0x00000000   Code   RO         6624    .ARM.Collect$$libinit$$00000021  c_w.l(libinit2.o)
    0x0800023e   0x0800023e   0x00000000   Code   RO         6626    .ARM.Collect$$libinit$$00000023  c_w.l(libinit2.o)
    0x0800023e   0x0800023e   0x00000000   Code   RO         6628    .ARM.Collect$$libinit$$00000025  c_w.l(libinit2.o)
    0x0800023e   0x0800023e   0x00000000   Code   RO         6632    .ARM.Collect$$libinit$$0000002C  c_w.l(libinit2.o)
    0x0800023e   0x0800023e   0x00000000   Code   RO         6634    .ARM.Collect$$libinit$$0000002E  c_w.l(libinit2.o)
    0x0800023e   0x0800023e   0x00000000   Code   RO         6636    .ARM.Collect$$libinit$$00000030  c_w.l(libinit2.o)
    0x0800023e   0x0800023e   0x00000000   Code   RO         6638    .ARM.Collect$$libinit$$00000032  c_w.l(libinit2.o)
    0x0800023e   0x0800023e   0x00000002   Code   RO         6639    .ARM.Collect$$libinit$$00000033  c_w.l(libinit2.o)
    0x08000240   0x08000240   0x00000002   Code   RO         6667    .ARM.Collect$$libshutdown$$00000000  c_w.l(libshutdown.o)
    0x08000242   0x08000242   0x00000000   Code   RO         6676    .ARM.Collect$$libshutdown$$00000002  c_w.l(libshutdown2.o)
    0x08000242   0x08000242   0x00000000   Code   RO         6678    .ARM.Collect$$libshutdown$$00000004  c_w.l(libshutdown2.o)
    0x08000242   0x08000242   0x00000000   Code   RO         6680    .ARM.Collect$$libshutdown$$00000006  c_w.l(libshutdown2.o)
    0x08000242   0x08000242   0x00000000   Code   RO         6683    .ARM.Collect$$libshutdown$$00000009  c_w.l(libshutdown2.o)
    0x08000242   0x08000242   0x00000000   Code   RO         6686    .ARM.Collect$$libshutdown$$0000000C  c_w.l(libshutdown2.o)
    0x08000242   0x08000242   0x00000000   Code   RO         6688    .ARM.Collect$$libshutdown$$0000000E  c_w.l(libshutdown2.o)
    0x08000242   0x08000242   0x00000000   Code   RO         6691    .ARM.Collect$$libshutdown$$00000011  c_w.l(libshutdown2.o)
    0x08000242   0x08000242   0x00000002   Code   RO         6692    .ARM.Collect$$libshutdown$$00000012  c_w.l(libshutdown2.o)
    0x08000244   0x08000244   0x00000000   Code   RO         6486    .ARM.Collect$$rtentry$$00000000  c_w.l(__rtentry.o)
    0x08000244   0x08000244   0x00000000   Code   RO         6510    .ARM.Collect$$rtentry$$00000002  c_w.l(__rtentry2.o)
    0x08000244   0x08000244   0x00000006   Code   RO         6522    .ARM.Collect$$rtentry$$00000004  c_w.l(__rtentry4.o)
    0x0800024a   0x0800024a   0x00000000   Code   RO         6512    .ARM.Collect$$rtentry$$00000009  c_w.l(__rtentry2.o)
    0x0800024a   0x0800024a   0x00000004   Code   RO         6513    .ARM.Collect$$rtentry$$0000000A  c_w.l(__rtentry2.o)
    0x0800024e   0x0800024e   0x00000000   Code   RO         6515    .ARM.Collect$$rtentry$$0000000C  c_w.l(__rtentry2.o)
    0x0800024e   0x0800024e   0x00000008   Code   RO         6516    .ARM.Collect$$rtentry$$0000000D  c_w.l(__rtentry2.o)
    0x08000256   0x08000256   0x00000002   Code   RO         6640    .ARM.Collect$$rtexit$$00000000  c_w.l(rtexit.o)
    0x08000258   0x08000258   0x00000000   Code   RO         6647    .ARM.Collect$$rtexit$$00000002  c_w.l(rtexit2.o)
    0x08000258   0x08000258   0x00000004   Code   RO         6648    .ARM.Collect$$rtexit$$00000003  c_w.l(rtexit2.o)
    0x0800025c   0x0800025c   0x00000006   Code   RO         6649    .ARM.Collect$$rtexit$$00000004  c_w.l(rtexit2.o)
    0x08000262   0x08000262   0x00000002   PAD
    0x08000264   0x08000264   0x00000040   Code   RO          396    .text               startup_stm32f446xx.o
    0x080002a4   0x080002a4   0x00000002   Code   RO         6429    .text               c_w.l(use_no_semi_2.o)
    0x080002a6   0x080002a6   0x00000006   Code   RO         6462    .text               c_w.l(heapauxi.o)
    0x080002ac   0x080002ac   0x00000002   Code   RO         6484    .text               c_w.l(use_no_semi.o)
    0x080002ae   0x080002ae   0x00000002   PAD
    0x080002b0   0x080002b0   0x00000008   Code   RO         6578    .text               c_w.l(libspace.o)
    0x080002b8   0x080002b8   0x0000004a   Code   RO         6581    .text               c_w.l(sys_stackheap_outer.o)
    0x08000302   0x08000302   0x00000012   Code   RO         6585    .text               c_w.l(exit.o)
    0x08000314   0x08000314   0x00000004   Code   RO          280    i.BusFault_Handler  stm32f4xx_it.o
    0x08000318   0x08000318   0x000000c8   Code   RO         6178    i.CAN1_Mode_Init    can.o
    0x080003e0   0x080003e0   0x00000044   Code   RO         6179    i.CAN1_Receive_Msg  can.o
    0x08000424   0x08000424   0x000000cc   Code   RO         6180    i.CAN2_Mode_Init    can.o
    0x080004f0   0x080004f0   0x00000044   Code   RO         6181    i.CAN2_Receive_Msg  can.o
    0x08000534   0x08000534   0x00000108   Code   RO          729    i.CAN_FilterInit    stm32f4xx_can.o
    0x0800063c   0x0800063c   0x00000114   Code   RO          736    i.CAN_Init          stm32f4xx_can.o
    0x08000750   0x08000750   0x0000001e   Code   RO          737    i.CAN_MessagePending  stm32f4xx_can.o
    0x0800076e   0x0800076e   0x000000f0   Code   RO          739    i.CAN_Receive       stm32f4xx_can.o
    0x0800085e   0x0800085e   0x0000006e   Code   RO         6182    i.CAN_Send_Msg      can.o
    0x080008cc   0x080008cc   0x00000126   Code   RO          744    i.CAN_Transmit      stm32f4xx_can.o
    0x080009f2   0x080009f2   0x00000002   PAD
    0x080009f4   0x080009f4   0x000000a0   Code   RO          745    i.CAN_TransmitStatus  stm32f4xx_can.o
    0x08000a94   0x08000a94   0x00000002   Code   RO          281    i.DebugMon_Handler  stm32f4xx_it.o
    0x08000a96   0x08000a96   0x00000018   Code   RO            4    i.EnterMotorMode    main.o
    0x08000aae   0x08000aae   0x00000018   Code   RO            5    i.ExitMotorMode     main.o
    0x08000ac6   0x08000ac6   0x00000090   Code   RO         2685    i.GPIO_Init         stm32f4xx_gpio.o
    0x08000b56   0x08000b56   0x00000046   Code   RO         2686    i.GPIO_PinAFConfig  stm32f4xx_gpio.o
    0x08000b9c   0x08000b9c   0x00000004   Code   RO          282    i.HardFault_Handler  stm32f4xx_it.o
    0x08000ba0   0x08000ba0   0x00000004   Code   RO          283    i.MemManage_Handler  stm32f4xx_it.o
    0x08000ba4   0x08000ba4   0x00000002   Code   RO          284    i.NMI_Handler       stm32f4xx_it.o
    0x08000ba6   0x08000ba6   0x00000002   PAD
    0x08000ba8   0x08000ba8   0x00000078   Code   RO          403    i.NVIC_Init         misc.o
    0x08000c20   0x08000c20   0x00000014   Code   RO          404    i.NVIC_PriorityGroupConfig  misc.o
    0x08000c34   0x08000c34   0x000000a4   Code   RO            6    i.PackAll           main.o
    0x08000cd8   0x08000cd8   0x00000002   Code   RO          285    i.PendSV_Handler    stm32f4xx_it.o
    0x08000cda   0x08000cda   0x00000002   PAD
    0x08000cdc   0x08000cdc   0x00000020   Code   RO         3804    i.RCC_AHB1ClockGatingCmd  stm32f4xx_rcc.o
    0x08000cfc   0x08000cfc   0x00000020   Code   RO         3805    i.RCC_AHB1PeriphClockCmd  stm32f4xx_rcc.o
    0x08000d1c   0x08000d1c   0x00000020   Code   RO         3814    i.RCC_APB1PeriphClockCmd  stm32f4xx_rcc.o
    0x08000d3c   0x08000d3c   0x00000020   Code   RO         3816    i.RCC_APB1PeriphResetCmd  stm32f4xx_rcc.o
    0x08000d5c   0x08000d5c   0x00000020   Code   RO         3817    i.RCC_APB2PeriphClockCmd  stm32f4xx_rcc.o
    0x08000d7c   0x08000d7c   0x00000020   Code   RO         3819    i.RCC_APB2PeriphResetCmd  stm32f4xx_rcc.o
    0x08000d9c   0x08000d9c   0x000001c8   Code   RO         3828    i.RCC_GetClocksFreq  stm32f4xx_rcc.o
    0x08000f64   0x08000f64   0x0000011c   Code   RO            7    i.SPI1_IRQHandler   main.o
    0x08001080   0x08001080   0x00000018   Code   RO         5033    i.SPI_Cmd           stm32f4xx_spi.o
    0x08001098   0x08001098   0x000000b0   Code   RO         5040    i.SPI_I2S_DeInit    stm32f4xx_spi.o
    0x08001148   0x08001148   0x00000012   Code   RO         5041    i.SPI_I2S_GetFlagStatus  stm32f4xx_spi.o
    0x0800115a   0x0800115a   0x00000020   Code   RO         5043    i.SPI_I2S_ITConfig  stm32f4xx_spi.o
    0x0800117a   0x0800117a   0x00000006   Code   RO         5044    i.SPI_I2S_ReceiveData  stm32f4xx_spi.o
    0x08001180   0x08001180   0x00000004   Code   RO         5045    i.SPI_I2S_SendData  stm32f4xx_spi.o
    0x08001184   0x08001184   0x0000003c   Code   RO         5046    i.SPI_Init          stm32f4xx_spi.o
    0x080011c0   0x080011c0   0x00000018   Code   RO         5048    i.SPI_SSOutputCmd   stm32f4xx_spi.o
    0x080011d8   0x080011d8   0x00000002   Code   RO          286    i.SVC_Handler       stm32f4xx_it.o
    0x080011da   0x080011da   0x00000002   PAD
    0x080011dc   0x080011dc   0x00000120   Code   RO          355    i.SetSysClock       system_stm32f4xx.o
    0x080012fc   0x080012fc   0x00000028   Code   RO          407    i.SysTick_CLKSourceConfig  misc.o
    0x08001324   0x08001324   0x00000002   Code   RO          287    i.SysTick_Handler   stm32f4xx_it.o
    0x08001326   0x08001326   0x00000002   PAD
    0x08001328   0x08001328   0x00000068   Code   RO          357    i.SystemInit        system_stm32f4xx.o
    0x08001390   0x08001390   0x00000088   Code   RO         6377    i.USART1_IRQHandler  usart.o
    0x08001418   0x08001418   0x00000018   Code   RO         5825    i.USART_Cmd         stm32f4xx_usart.o
    0x08001430   0x08001430   0x00000054   Code   RO         5829    i.USART_GetITStatus  stm32f4xx_usart.o
    0x08001484   0x08001484   0x0000004a   Code   RO         5831    i.USART_ITConfig    stm32f4xx_usart.o
    0x080014ce   0x080014ce   0x00000002   PAD
    0x080014d0   0x080014d0   0x000000d4   Code   RO         5832    i.USART_Init        stm32f4xx_usart.o
    0x080015a4   0x080015a4   0x0000000a   Code   RO         5839    i.USART_ReceiveData  stm32f4xx_usart.o
    0x080015ae   0x080015ae   0x00000004   Code   RO          288    i.UsageFault_Handler  stm32f4xx_it.o
    0x080015b2   0x080015b2   0x00000002   PAD
    0x080015b4   0x080015b4   0x000000ac   Code   RO            8    i.WriteAll          main.o
    0x08001660   0x08001660   0x0000001a   Code   RO         6076    i.__hardfp_fmaxf    math_ops.o
    0x0800167a   0x0800167a   0x0000001a   Code   RO         6077    i.__hardfp_fminf    math_ops.o
    0x08001694   0x08001694   0x00000004   Code   RO         6378    i._sys_exit         usart.o
    0x08001698   0x08001698   0x00000334   Code   RO           10    i.control           main.o
    0x080019cc   0x080019cc   0x0000003c   Code   RO         6233    i.delay_init        delay.o
    0x08001a08   0x08001a08   0x00000038   Code   RO         6234    i.delay_ms          delay.o
    0x08001a40   0x08001a40   0x0000004c   Code   RO         6235    i.delay_us          delay.o
    0x08001a8c   0x08001a8c   0x0000004c   Code   RO         6236    i.delay_xms         delay.o
    0x08001ad8   0x08001ad8   0x00000032   Code   RO         6078    i.float_to_uint     math_ops.o
    0x08001b0a   0x08001b0a   0x00000002   PAD
    0x08001b0c   0x08001b0c   0x00000034   Code   RO         6127    i.led_init          led.o
    0x08001b40   0x08001b40   0x000001bc   Code   RO           11    i.main              main.o
    0x08001cfc   0x08001cfc   0x00000168   Code   RO           12    i.pack_cmd          main.o
    0x08001e64   0x08001e64   0x00000110   Code   RO         6154    i.spi_init          spi.o
    0x08001f74   0x08001f74   0x000000ac   Code   RO         6380    i.uart_init         usart.o
    0x08002020   0x08002020   0x00000034   Code   RO         6082    i.uint_to_float     math_ops.o
    0x08002054   0x08002054   0x000000c0   Code   RO           14    i.unpack_reply      main.o
    0x08002114   0x08002114   0x0000001a   Code   RO           15    i.xor_checksum      main.o
    0x0800212e   0x0800212e   0x00000002   PAD
    0x08002130   0x08002130   0x000001b8   Code   RO           16    i.zero              main.o
    0x080022e8   0x080022e8   0x00000108   Code   RO           17    i.zero_commond      main.o
    0x080023f0   0x080023f0   0x00000104   Code   RO           18    i.zero_control      main.o
    0x080024f4   0x080024f4   0x0000000a   Code   RO         6644    x$fpl$fpinit        fz_wm.l(fpinit.o)
    0x080024fe   0x080024fe   0x00000002   PAD
    0x08002500   0x08002500   0x00000020   Data   RO         6717    Region$$Table       anon$$obj.o


    Execution Region RW_IRAM1 (Exec base: 0x20000000, Load base: 0x08002520, Size: 0x00000a40, Max: 0x00020000, ABSOLUTE)

    Exec Addr    Load Addr    Size         Type   Attr      Idx    E Section Name        Object

    0x20000000   0x08002520   0x00000005   Data   RW           20    .data               main.o
    0x20000005   0x08002525   0x00000010   Data   RW         3861    .data               stm32f4xx_rcc.o
    0x20000015   0x08002535   0x00000001   PAD
    0x20000016   0x08002536   0x00000004   Data   RW         6237    .data               delay.o
    0x2000001a   0x0800253a   0x00000002   PAD
    0x2000001c   0x0800253c   0x00000006   Data   RW         6382    .data               usart.o
    0x20000022   0x08002542   0x00000002   PAD
    0x20000024        -       0x000002f0   Zero   RW           19    .bss                main.o
    0x20000314        -       0x000000c8   Zero   RW         6381    .bss                usart.o
    0x200003dc        -       0x00000060   Zero   RW         6579    .bss                c_w.l(libspace.o)
    0x2000043c   0x08002542   0x00000004   PAD
    0x20000440        -       0x00000200   Zero   RW          394    HEAP                startup_stm32f446xx.o
    0x20000640        -       0x00000400   Zero   RW          393    STACK               startup_stm32f446xx.o


==============================================================================

Image component sizes


      Code (inc. data)   RO Data    RW Data    ZI Data      Debug   Object Name

       650         30          0          0          0       4375   can.o
       268         16          0          4          0       2627   delay.o
        52          4          0          0          0        547   led.o
      3474        298          0          5        752      55373   main.o
       154          0          0          0          0       2792   math_ops.o
       180         24          0          0          0     271461   misc.o
       272         10          0          0          0        759   spi.o
        64         26        452          0       1536        856   startup_stm32f446xx.o
      1264         28          0          0          0       5375   stm32f4xx_can.o
       214          0          0          0          0       1827   stm32f4xx_gpio.o
        26          0          0          0          0       4242   stm32f4xx_it.o
       648         52          0         16          0       6682   stm32f4xx_rcc.o
       344         24          0          0          0       5612   stm32f4xx_spi.o
       404          8          0          0          0       4390   stm32f4xx_usart.o
       392         32          0          0          0       1573   system_stm32f4xx.o
       312         22          0          6        200       3796   usart.o

    ----------------------------------------------------------------------
      8736        574        484         36       2488     372287   Object Totals
         0          0         32          0          0          0   (incl. Generated)
        18          0          0          5          0          0   (incl. Padding)

    ----------------------------------------------------------------------

      Code (inc. data)   RO Data    RW Data    ZI Data      Debug   Library Member Name

         8          0          0          0          0         68   __main.o
         0          0          0          0          0          0   __rtentry.o
        12          0          0          0          0          0   __rtentry2.o
         6          0          0          0          0          0   __rtentry4.o
        52          8          0          0          0          0   __scatter.o
        26          0          0          0          0          0   __scatter_copy.o
        28          0          0          0          0          0   __scatter_zi.o
        18          0          0          0          0         80   exit.o
         6          0          0          0          0        152   heapauxi.o
         2          0          0          0          0          0   libinit.o
         6          0          0          0          0          0   libinit2.o
         2          0          0          0          0          0   libshutdown.o
         2          0          0          0          0          0   libshutdown2.o
         8          4          0          0         96         68   libspace.o
         2          0          0          0          0          0   rtexit.o
        10          0          0          0          0          0   rtexit2.o
        74          0          0          0          0         80   sys_stackheap_outer.o
         2          0          0          0          0         68   use_no_semi.o
         2          0          0          0          0         68   use_no_semi_2.o
        10          0          0          0          0        116   fpinit.o

    ----------------------------------------------------------------------
       284         12          0          0        100        700   Library Totals
         8          0          0          0          4          0   (incl. Padding)

    ----------------------------------------------------------------------

      Code (inc. data)   RO Data    RW Data    ZI Data      Debug   Library Name

       266         12          0          0         96        584   c_w.l
        10          0          0          0          0        116   fz_wm.l

    ----------------------------------------------------------------------
       284         12          0          0        100        700   Library Totals

    ----------------------------------------------------------------------

==============================================================================


      Code (inc. data)   RO Data    RW Data    ZI Data      Debug   

      9020        586        484         36       2588     366731   Grand Totals
      9020        586        484         36       2588     366731   ELF Image Totals
      9020        586        484         36          0          0   ROM Totals

==============================================================================

    Total RO  Size (Code + RO Data)                 9504 (   9.28kB)
    Total RW  Size (RW Data + ZI Data)              2624 (   2.56kB)
    Total ROM Size (Code + RO Data + RW Data)       9540 (   9.32kB)

==============================================================================

